[cashkaro.com/index.html]
[asset22.ckassets.com/wp/wp-content/themes/CashKaro_WP_V1/img/logo.png]
[backblue.gif]
[fade.gif]
[index.html]
[asset22.ckassets.com/resources/image/staticpage_images/CK-Logo-1613133688.png]
[asset22.ckassets.com/resources/image/staticpage_images/Amazon Desktop Banner-1712304943.png]
[asset22.ckassets.com/resources/image/staticpage_images/V1-Desk-SALE LIVE NOW-1712548064.png]
[asset22.ckassets.com/resources/image/staticpage_images/Desk-V1-SALE LIVE NOW-1712290408.png]
[asset22.ckassets.com/resources/image/staticpage_images/Standard chartered platinum credit card-Desktop Banner-1712570394.png]
[asset20.ckassets.com/resources/image/category/fashion-offers-4199-1674024044.png]
[asset20.ckassets.com/resources/image/category/mobiles-phones-offers-4200-1674024134.png]
[asset20.ckassets.com/resources/image/category/banking-finance-offers-4684-1674023915.png]
[asset20.ckassets.com/resources/image/category/electronics-offers-4205-1674024311.png]
[asset20.ckassets.com/resources/image/category/beauty-personal-care-offers-4206-1696592051.png]
[asset20.ckassets.com/resources/image/category/travel-offers-4207-1687502610.png]
[cashkaro.com/_next/static/css/b47cb28d745af831.css]
[cashkaro.com/_next/static/css/4df78f2cd73d6b26.css]
[cashkaro.com/_next/static/chunks/polyfills-c67a75d1b6f99dc8.js]
[asset22.ckassets.com/wp/wp-content/themes/CashKaro_WP_V1/js/slick_static.js]
[cashkaro.com/_next/static/chunks/1703.9e2978083a565ae2.js]
[cashkaro.com/_next/static/chunks/3275.01c5c0ce59d8da34.js]
[cashkaro.com/_next/static/chunks/6066-e49ee78b92fc0fac.js]
[cashkaro.com/_next/static/chunks/8910-08dac4f427538338.js]
[cashkaro.com/_next/static/chunks/2800-55442a900dda4a4f.js]
[cashkaro.com/_next/static/chunks/6279.bfec6949814cfc1c.js]
[cashkaro.com/_next/static/chunks/8133.9db3310e43f6bef7.js]
[cashkaro.com/_next/static/chunks/6435.b49ac7dffc49bdeb.js]
[cashkaro.com/_next/static/chunks/6771-0f53d77d9b55d540.js]
[cashkaro.com/_next/static/chunks/7044.f5abb5428019035b.js]
[cashkaro.com/_next/static/chunks/3411-cdff65c026b91670.js]
[cashkaro.com/_next/static/chunks/4099.372bb6cbf61aa9d5.js]
[cashkaro.com/_next/static/chunks/8802.bec699f848e9a92e.js]
[cashkaro.com/_next/static/chunks/6261-a03ce21a241ed555.js]
[cashkaro.com/_next/static/chunks/2897.00a3cf42431ac819.js]
[cashkaro.com/_next/static/chunks/webpack-6e90deaf71b0f0d7.js]
[cashkaro.com/_next/static/chunks/framework-92a422f151f77ddb.js]
[cashkaro.com/_next/static/chunks/main-eccc8f8b734a0462.js]
[cashkaro.com/_next/static/chunks/pages/_app-b3aa8e29cfa28642.js]
[cashkaro.com/_next/static/chunks/4111-aa269a5cb73a7ae0.js]
[cashkaro.com/_next/static/chunks/pages/index-bbc3def7d8cb5fb0.js]
[cashkaro.com/_next/static/arN6GzkiL6ou7FrHkRTtf/_buildManifest.js]
[cashkaro.com/_next/static/arN6GzkiL6ou7FrHkRTtf/_ssgManifest.js]
[asset22.ckassets.com/wp/wp-content/themes/CashKaro_WP_V1/img/pick_bg.png]
[cashkaro.com/static/media/angle-up.22be1be2.svg]
[cashkaro.com/static/media/angle-left.a6cbd8e6.svg]
[cashkaro.com/static/media/angle-right.845e9f11.svg]
[asset22.ckassets.com/wp/wp-content/themes/CashKaro_WP_V1/img/head_bg.png]
[cashkaro.com/gcm_manifest.json]
[cashkaro.com/product/mobile-phones-offers.html]
[cashkaro.com/product/earphones-headphones-offers.html]
[cashkaro.com/product/laptops-offers.html]
[cashkaro.com/product/men-clothing.html]
[cashkaro.com/product/women-clothing.html]
[cashkaro.com/product/men-shoes.html]
[cashkaro.com/product/women-shoes.html]
[cashkaro.com/product/beauty.html]
[cashkaro.com/product/grocery.html]
[cashkaro.com/product/baby-products.html]
[cashkaro.com/stores.html]
[cashkaro.com/product.html]
[cashkaro.com/help.html]
[asset22.ckassets.com/resources/image/staticpage_images/Nykaa Desktop Banner-V1-1712547860.png]
[asset22.ckassets.com/resources/image/staticpage_images/Booking-Desktop-20-12-2023-1712547834.png]
[asset22.ckassets.com/resources/image/staticpage_images/Desk-V2-1712571392.png]
[asset22.ckassets.com/resources/image/staticpage_images/Foxtale Desktop Banner-1712573230.png]
[asset22.ckassets.com/resources/image/staticpage_images/FK Desktop Banner-1712570434.png]
[asset20.ckassets.com/resources/image/category/new-on-ck-4908-1674024008.png]
[asset20.ckassets.com/resources/image/category/health-and-wellness-4900-1674024105.png]
[asset20.ckassets.com/resources/image/category/health-medicine-offers-4203-1674024384.png]
[asset20.ckassets.com/resources/image/category/home-kitchen-offers-4209-1674024462.png]
[asset20.ckassets.com/resources/image/category/education-offers-4445-1674024431.png]
[asset20.ckassets.com/resources/image/category/food-and-grocery-4901-1674023940.png]
[asset20.ckassets.com/resources/image/category/domain-hosting-offers-4686-1674024489.png]
[asset20.ckassets.com/resources/image/category/departmental-offers-4204-1697106678.jpg]
[asset20.ckassets.com/resources/image/stores/sbi-cashback-card-dm-1800-1708493146.png]
[asset20.ckassets.com/resources/image/stores/amazon-1602658695.png]
[asset20.ckassets.com/resources/image/stores/myntra-1632828693.png]
[asset20.ckassets.com/resources/image/stores/ajio-coupons-test-1696504043.png]
[asset20.ckassets.com/resources/image/stores/flipkart.png]
[asset20.ckassets.com/resources/image/stores/foxtale-coupons-test-1676543340.png]
[asset20.ckassets.com/resources/image/stores/mcaffeine-coupons-1632376924.png]
[asset20.ckassets.com/resources/image/stores/idfc-first-credit-card-dm-1708492863.png]
[asset20.ckassets.com/resources/image/stores/nykaa-test-1658416806.png]
[asset20.ckassets.com/resources/image/stores/hyugalife-coupons-1702450573.png]
[asset20.ckassets.com/resources/image/stores/truemeds-coupon-code-1667995019.png]
[asset20.ckassets.com/resources/image/stores/cleartrip-1672208767.png]
[asset20.ckassets.com/resources/image/stores/xyxx-discount-code-test-1657890481.png]
[asset20.ckassets.com/resources/image/stores/mama-earth-coupons-1668043816.png]
[asset20.ckassets.com/resources/image/stores/ryze-coupons-test-1707818812.jpg]
[asset20.ckassets.com/resources/image/stores/dell-1690539017.png]
[asset20.ckassets.com/resources/image/stores/acer-offers-1618492936.png]
[asset20.ckassets.com/resources/image/stores/apple-offers-1632803563.png]
[asset20.ckassets.com/resources/image/stores/oneplus-coupons-1706765800.png]
[asset20.ckassets.com/resources/image/stores/ixigo-coupons-1712145922.png]
[asset22.ckassets.com/resources/image/staticpage_images/1-1712642328.jpg]
[asset22.ckassets.com/resources/image/staticpage_images/3-1712642359.jpg]
[asset20.ckassets.com/resources/image/stores/fitspire-coupons-1666269057.png]
[asset22.ckassets.com/resources/image/staticpage_images/4-1712642371.jpg]
[asset22.ckassets.com/resources/image/staticpage_images/safa-1711687677.png]
[asset20.ckassets.com/resources/image/stores/magzter-1642420858.png]
[asset22.ckassets.com/resources/image/staticpage_images/flash-updated-43-04-12-1712221407.jpg]
[asset20.ckassets.com/resources/image/stores/mcafee-coupons-1707824995.jpg]
[asset22.ckassets.com/resources/image/staticpage_images/TAC-1712378434.jpg]
[asset20.ckassets.com/resources/image/stores/the-ayurveda-co-coupons-1636527944.jpg]
[asset22.ckassets.com/resources/image/staticpage_images/WOW-1712468817.jpg]
[asset20.ckassets.com/resources/image/stores/buywow-coupons-1632828793.png]
[asset22.ckassets.com/resources/image/staticpage_images/3-1712212638.jpg]
[asset20.ckassets.com/resources/image/stores/infire-coupons-test-1697521396.jpg]
[asset22.ckassets.com/resources/image/staticpage_images/flash-updated-05-04-1-1712311793.jpg]
[asset20.ckassets.com/resources/image/stores/aroma-magic-coupons-test-1690960422.png]
[asset22.ckassets.com/resources/image/staticpage_images/MicrosoftTeams-image (5)-1710917049.png]
[asset20.ckassets.com/resources/image/stores/zanducare-coupons-increased-cb-1702450499.png]
[asset22.ckassets.com/resources/image/staticpage_images/Adidas-1712316445.jpg]
[asset22.ckassets.com/resources/image/staticpage_images/Tops & Shirts-1712316459.jpg]
[asset22.ckassets.com/resources/image/staticpage_images/Everything-1712316471.jpg]
[asset22.ckassets.com/resources/image/staticpage_images/Superdry-1712316484.jpg]
[asset22.ckassets.com/resources/image/staticpage_images/Women Ethnicwear-1712316493.jpg]
[asset22.ckassets.com/resources/image/staticpage_images/WalletsnClutches-1712316549.jpg]
[asset22.ckassets.com/resources/image/staticpage_images/Sneakers-1712316558.jpg]
[asset22.ckassets.com/resources/image/staticpage_images/WallnTableDcor-1712316567.jpg]
[asset22.ckassets.com/resources/image/staticpage_images/Watches-1712316579.jpg]
[asset22.ckassets.com/resources/image/staticpage_images/Finance-TSP(02-02)-1707975155.png]
[asset20.ckassets.com/resources/image/stores/axis-asap-digital-fixed-deposit-1707977908.jpg]
[asset22.ckassets.com/resources/image/staticpage_images/DC-7 1-1712144928.jpg]
[asset22.ckassets.com/resources/image/staticpage_images/MicrosoftTeams-image (265)-1700977976.png]
[asset22.ckassets.com/resources/image/staticpage_images/MicrosoftTeams-image (289)-1704716078.png]
[asset20.ckassets.com/resources/image/stores/au-bank-swipeup-credit-card-1682688629.jpg]
[asset22.ckassets.com/resources/image/staticpage_images/MicrosoftTeams-image (256)-1700975787.png]
[asset22.ckassets.com/resources/image/staticpage_images/HDFC Bank SS-V2 1-1709270758.jpg]
[asset20.ckassets.com/resources/image/stores/hdfc-credit-card-offers-1708492534.png]
[asset22.ckassets.com/resources/image/staticpage_images/Standard chartered smart card Platinum rewards card 1-1702622537.jpg]
[asset20.ckassets.com/resources/image/stores/standard-chartered-platinum-dm-increase-1708493283.png]
[asset22.ckassets.com/resources/image/staticpage_images/Finance TSP-(01-12)- Axis Flipkart Credit Card-No Sale Logo-1701945830.png]
[asset22.ckassets.com/resources/image/staticpage_images/HDFC_Dealcards-(DC) 1-1708067434.png]
[asset22.ckassets.com/resources/image/staticpage_images/ICICI Credit cards 1-1710311150.jpg]
[asset20.ckassets.com/resources/image/stores/icici-bank-credit-card-offers-test-2-1708944879.png]
[asset22.ckassets.com/resources/image/staticpage_images/Pizza Hut-V2-1708673350.jpg]
[asset20.ckassets.com/resources/image/stores/pizza-hut-1707979478.jpg]
[asset22.ckassets.com/resources/image/staticpage_images/Grocery-TSP(1)-20-10-2023-1697775908.png]
[asset20.ckassets.com/resources/image/stores/kesarco-coupons-1682599872.jpg]
[asset22.ckassets.com/resources/image/staticpage_images/MicrosoftTeams-image (2)-1707741759.png]
[asset20.ckassets.com/resources/image/stores/true-elements-coupons-1672203586.png]
[asset22.ckassets.com/resources/image/staticpage_images/swiggydc-1695360847.png]
[asset20.ckassets.com/resources/image/stores/swiggy-coupons-1667900846.png]
[asset22.ckassets.com/resources/image/staticpage_images/Beauty DC 1-1712228250.jpg]
[asset22.ckassets.com/resources/image/staticpage_images/MicrosoftTeams-image (41)-1701928907.png]
[asset22.ckassets.com/resources/image/staticpage_images/Bombay Shaving Company-1701927891.jpg]
[asset20.ckassets.com/resources/image/stores/bombay-shaving-company-coupons-1695794074.png]
[asset22.ckassets.com/resources/image/staticpage_images/Plum Goodness-1701927980.jpg]
[asset20.ckassets.com/resources/image/stores/plumgoodness-coupons-1594659355.png]
[asset22.ckassets.com/resources/image/staticpage_images/pharmacy tsp2 (1)-1695368978.png]
[asset20.ckassets.com/resources/image/stores/1mg-coupons-1625574060.png]
[asset22.ckassets.com/resources/image/staticpage_images/DC-Pharmacy-(17-10)-1697540262.jpg]
[asset20.ckassets.com/resources/image/stores/hk-vitals-coupons-test-1696590527.png]
[asset22.ckassets.com/resources/image/staticpage_images/DC-Pharmacy-TSP-2-01-2024-1704199702.jpg]
[asset22.ckassets.com/resources/image/staticpage_images/DC-Pharmacy-TSP-21-02-2024-1708510330.jpg]
[asset20.ckassets.com/resources/image/stores/durex-bd-exclusive-1659693070.png]
[asset22.ckassets.com/resources/image/staticpage_images/MicrosoftTeams-image (20)-1699445867.png]
[asset20.ckassets.com/resources/image/stores/makemytrip-hotels-1672643911.png]
[asset22.ckassets.com/resources/image/staticpage_images/MicrosoftTeams-image (17)-1699357992.png]
[asset20.ckassets.com/resources/image/stores/makemytrip-domesticflights-1672643982.png]
[asset22.ckassets.com/resources/image/staticpage_images/MicrosoftTeams-image (48)-1703658007.png]
[asset20.ckassets.com/resources/image/stores/booking.jpg]
[asset22.ckassets.com/resources/image/staticpage_images/MicrosoftTeams-image (21)-1699445905.png]
[asset20.ckassets.com/resources/image/stores/tripadvisor-coupons-1661855915.png]
[asset22.ckassets.com/resources/image/staticpage_images/Travel TSP-1707973206.jpg]
[asset20.ckassets.com/resources/image/stores/goibibo-hotels-1627380915.png]
[asset22.ckassets.com/resources/image/staticpage_images/MicrosoftTeams-image (16)-1699357951.png]
[asset22.ckassets.com/resources/image/staticpage_images/MicrosoftTeams-image (22)-1699446488.png]
[asset20.ckassets.com/resources/image/stores/qatar-airways-test-1706072026.png]
[asset22.ckassets.com/resources/image/staticpage_images/Libas-1710928471.png]
[asset20.ckassets.com/resources/image/stores/libas-coupons-1640004283.jpg]
[asset22.ckassets.com/resources/image/staticpage_images/Caprese-1710928439.png]
[asset20.ckassets.com/resources/image/stores/caprese-bags-coupons-test-1693823560.jpg]
[asset22.ckassets.com/resources/image/staticpage_images/Tiaraa-1710928488.png]
[asset20.ckassets.com/resources/image/stores/tiaraa-coupons-1636537238.jpg]
[asset22.ckassets.com/resources/image/staticpage_images/Giva-1710928456.png]
[asset20.ckassets.com/resources/image/stores/giva-coupons-1709533505.png]
[asset22.ckassets.com/resources/image/staticpage_images/Kikibix-1712663326.jpg]
[asset20.ckassets.com/resources/image/stores/buykaro-new-1698411953.jpg]
[asset22.ckassets.com/resources/image/staticpage_images/Eat Anytime-1712663359.jpg]
[asset22.ckassets.com/resources/image/staticpage_images/Khari Foods-1712663373.jpg]
[asset22.ckassets.com/resources/image/staticpage_images/Vahdam-1712663388.jpg]
[asset22.ckassets.com/resources/image/staticpage_images/Arata-1712663410.jpg]
[asset22.ckassets.com/resources/image/staticpage_images/vuhvui-1712663432.jpg]
[asset22.ckassets.com/resources/image/staticpage_images/Hammer Nail-1712663446.jpg]
[asset22.ckassets.com/resources/image/staticpage_images/Yogabar-1712663458.jpg]
[asset22.ckassets.com/resources/image/staticpage_images/Clothing-31-03-2024-1711877691.jpg]
[asset22.ckassets.com/resources/image/staticpage_images/Beauty Products 3-1712034555.jpg]
[asset22.ckassets.com/resources/image/staticpage_images/Footwear-31-03-2024-1711877751.jpg]
[asset22.ckassets.com/resources/image/staticpage_images/Watches-31-03-2024-1711877834.jpg]
[asset22.ckassets.com/resources/image/staticpage_images/Luggages-31-03-2024-1711877871.jpg]
[asset22.ckassets.com/resources/image/staticpage_images/Health & Personal care-1709813530.jpg]
[asset22.ckassets.com/resources/image/staticpage_images/Jewellery_-31-03-2024-1711877928.jpg]
[asset22.ckassets.com/resources/image/staticpage_images/Baby Products-1709813463.jpg]
[asset22.ckassets.com/resources/image/staticpage_images/Pet products 1-1710093963.jpg]
[asset22.ckassets.com/resources/image/staticpage_images/Furniture-31-03-2024-1711878102.jpg]
[asset22.ckassets.com/resources/image/staticpage_images/Under 299-1712310790.jpg]
[asset22.ckassets.com/resources/image/staticpage_images/Half price Store-1712310818.jpg]
[asset22.ckassets.com/resources/image/staticpage_images/Flat 70-1712310858.jpg]
[asset22.ckassets.com/resources/image/staticpage_images/Flat 80-1712310866.jpg]
[asset22.ckassets.com/resources/image/staticpage_images/Flat 50-1712310877.jpg]
[asset22.ckassets.com/resources/image/staticpage_images/Under 399-1712310798.jpg]
[asset22.ckassets.com/resources/image/staticpage_images/Under 499-1712310805.jpg]
[asset22.ckassets.com/resources/image/staticpage_images/Women Kurti-1712310730.jpg]
[asset22.ckassets.com/resources/image/staticpage_images/Women Dresses-1712310779.jpg]
[asset22.ckassets.com/resources/image/staticpage_images/Casual Shoes-1712310767.jpg]
[asset22.ckassets.com/resources/image/staticpage_images/Sports Shoes-1706876070.jpg]
[asset22.ckassets.com/resources/image/staticpage_images/Furniture_-1706876038.jpg]
[asset22.ckassets.com/resources/image/staticpage_images/Personal Care-1709389540.jpg]
[asset22.ckassets.com/resources/image/staticpage_images/ Large Appliances-1706876004.jpg]
[asset22.ckassets.com/resources/image/staticpage_images/Mobiles_-1709389560.jpg]
[rukminim1.flixcart.com/image/416/416/ktketu80/protein-supplement/g/s/u/creatine-on-micronized-creatine-powder-supports-athletic-original-imag6vjmde7tuqg29531.jpg]
[assets.hyugalife.com/catalog/product/n/b/nb-nut-1048-01-010a22.png]
[rukminim1.flixcart.com/image/416/416/k9re3rk0/protein-supplement/m/9/z/super-gainer-xxl-nut5225-03-muscleblaze-original-imafrhfwk4a28hx79531.jpg]
[rukminim1.flixcart.com/image/416/416/kzegk280/protein-supplement/u/i/k/weight-gainers-mass-gainers-serious-mass-high-protein-weight-original-imagbff3hjhgehsx9531.jpg]
[rukminim1.flixcart.com/image/416/416/xif0q/protein-supplement/m/x/a/whey-protein-amp-gold-series-90200197-gnc-original-imagn8hazwzej85n9531.jpg]
[m.media-amazon.com/images/I/41osBwl5f-L._SL500_.jpg]
[assets.hyugalife.com/catalog/product/h/p/hpag49h8-1_20a22.jpg]
[rukminim1.flixcart.com/image/416/416/xif0q/protein-supplement/q/s/r/whey-protein-pro-performance-100-whey-protein-powder-caf-mocha-original-imagn8ksbtpg3ewp9531.jpg]
[assets.hyugalife.com/catalog/product/n/b/nb-nut-1030-03-010a22.png]
[m.media-amazon.com/images/I/81VtthJulML._SX679_.jpg]
[asset20.ckassets.com/resources/image/ckseller/CKS-Skin-Care-000515_1-1674039648.jpg]
[m.media-amazon.com/images/I/31N0jBFHQ5L._SL500_.jpg]
[m.media-amazon.com/images/I/41KrQ4SCdzL._SL500_.jpg]
[rukminim1.flixcart.com/image/416/416/k66sh3k0/sandwich-maker/h/b/z/prestige-sandwich-maker-pgmfd-01-original-imafzppymxqt5uwy9531.jpg]
[m.media-amazon.com/images/I/61VmtCTnaoL._SX522_.jpg]
[rukminim1.flixcart.com/image/416/416/xif0q/air-fryer/p/b/x/-original-imagj84hceh4htfd9531.jpg]
[m.media-amazon.com/images/I/41cVgYgAKpL._SL500_.jpg]
[m.media-amazon.com/images/I/61fW0Zu-yRL._SY450_.jpg]
[m.media-amazon.com/images/I/31rucE-db2L._SL500_.jpg]
[rukminim1.flixcart.com/image/416/416/l13whow0/mixer-grinder-juicer/6/1/d/-original-imagcq7fh3wsru2s9531.jpg]
[m.media-amazon.com/images/I/31na34LxwmL._SL500_.jpg]
[rukminim1.flixcart.com/image/416/416/kndi4y80/lunch-box/9/m/j/teso-pro-lunch-box-3-stainless-steel-containers-plastic-pickle-original-imag2fsddycdugcd9531.jpg]
[m.media-amazon.com/images/I/41cxgOxlbYL._SL500_.jpg]
[m.media-amazon.com/images/I/41xXipZ7vjL._SL500_.jpg]
[m.media-amazon.com/images/I/41NbtNiWoeL._SL500_.jpg]
[m.media-amazon.com/images/I/41QNSlZeKiL._SL500_.jpg]
[asset20.ckassets.com/resources/image/ckseller/CKS-Mobiles-000108_1-1614371401.jpg]
[m.media-amazon.com/images/W/MEDIAX_792452-T1/images/I/71DSxfKzkJL._SX569_.jpg]
[m.media-amazon.com/images/I/71r5svsNKyL._SX679_.jpg]
[m.media-amazon.com/images/I/81ogvU1j6qL._SX679_.jpg]
[m.media-amazon.com/images/I/71k3gOik46L._SX679_.jpg]
[m.media-amazon.com/images/I/81Zo3lcSZeL._SX679_.jpg]
[m.media-amazon.com/images/I/41LRhCMbApL._SX300_SY300_QL70_FMwebp_.jpg]
[rukminim2.flixcart.com/image/416/416/xif0q/mobile/6/m/e/neo-7-pro-i2217-iqoo-original-imagrhs69jx3g2sy9531.jpg]
[asset20.ckassets.com/resources/image/ckseller/CKS-Mobiles-000231_1-1663315117.jpg]
[m.media-amazon.com/images/I/41z4-aatqhL._SX300_SY300_QL70_FMwebp_.jpg]
[asset20.ckassets.com/resources/image/ckseller/CKS-Skin-Care-0000110_1-1625501812.jpg]
[m.media-amazon.com/images/I/415kgZWauvL._SX300_SY300_QL70_FMwebp_.jpg]
[m.media-amazon.com/images/I/6141K4LynrL._SY450_PIbundle-2,TopRight,0,0_AA450SH20_.jpg]
[m.media-amazon.com/images/I/61UgT6YhmPL._SY879_.jpg]
[m.media-amazon.com/images/I/31ek2j6QxqL._SL500_.jpg]
[m.media-amazon.com/images/I/51wd-tq7H8L._SY450_.jpg]
[m.media-amazon.com/images/I/318ItXk0jOL._SL500_.jpg]
[m.media-amazon.com/images/I/41zkeuSNF-L._SL500_.jpg]
[rukminim1.flixcart.com/image/416/416/knknc7k0/sunscreen/8/s/s/30-ultra-sheer-dry-touch-sunblock-spf-50-sunscreen-for-women-and-original-imag27xymnfhmanw9531.jpg]
[asset22.ckassets.com/resources/image/staticpage_images/hiw1-1592373978.png]
[asset22.ckassets.com/resources/image/staticpage_images/hiw2-1592373997.png]
[asset22.ckassets.com/resources/image/staticpage_images/hiw3-1592374011.png]
[asset22.ckassets.com/resources/image/staticpage_images/hiw4-1592374025.png]
[cashkaro.com/refer-and-earn.html]
[asset22.ckassets.com/resources/image/staticpage_images/refer_banner-1592374081.png]
[asset22.ckassets.com/resources/image/staticpage_images/ck-1-1675333475.png]
[asset22.ckassets.com/resources/image/staticpage_images/ck-2-1675333605.png]
[asset22.ckassets.com/resources/image/staticpage_images/ck-3-1675333616.png]
[cashkaro.com/stores/amazon.html]
[asset20.ckassets.com/resources/image/stores/amazon-1586422650.png]
[cashkaro.com/stores/flipkart.html]
[cashkaro.com/stores/myntra.html]
[cashkaro.com/stores/ajio-coupons.html]
[cashkaro.com/stores/tatacliq-coupons.html]
[asset22.ckassets.com/resources/image/staticpage_images/tatacliq-coupons-1653463021.png]
[cashkaro.com/shop/amazon-sale-offers.html]
[asset22.ckassets.com/resources/image/staticpage_images/amazon-1593058371.jpg]
[cashkaro.com/stores/buykaro.html]
[asset22.ckassets.com/resources/image/staticpage_images/bk-sale-d-1686807101.png]
[asset22.ckassets.com/resources/image/staticpage_images/TataCliq-d-1597056875.jpg]
[cashkaro.com/shop/tatacliq-sale.html]
[asset22.ckassets.com/resources/image/staticpage_images/work1-1703741953.png]
[asset22.ckassets.com/resources/image/staticpage_images/work2-1592374197.png]
[asset22.ckassets.com/resources/image/staticpage_images/work3-1592374210.png]
[cashkaro.com/stores/snapdeal.html]
[cashkaro.com/stores/itc-estore-offers.html]
[cashkaro.com/stores/nykaafashion-coupons.html]
[cashkaro.com/stores/puma-coupons.html]
[cashkaro.com/stores/adidas.html]
[cashkaro.com/stores/urbanic-coupon-codes.html]
[cashkaro.com/stores/nykaa.html]
[cashkaro.com/stores/mama-earth-coupons.html]
[cashkaro.com/stores/buywow-coupons.html]
[cashkaro.com/stores/mcaffeine-coupons.html]
[cashkaro.com/stores/minimalist-coupons.html]
[cashkaro.com/stores/thedermaco-coupons.html]
[cashkaro.com/stores/croma.html]
[cashkaro.com/stores/oneplus-coupons.html]
[cashkaro.com/stores/dell.html]
[cashkaro.com/stores/samsung-offers.html]
[cashkaro.com/stores/apple-offers.html]
[cashkaro.com/stores/lenovo.html]
[cashkaro.com/stores/boat-coupon.html]
[cashkaro.com/stores/1mg-coupons.html]
[cashkaro.com/stores/netmeds-coupons.html]
[cashkaro.com/stores/truemeds-coupon-code.html]
[cashkaro.com/stores/healthkart.html]
[cashkaro.com/stores/booking.html]
[cashkaro.com/stores/cleartrip.html]
[cashkaro.com/stores/makemytrip-domesticflights.html]
[cashkaro.com/stores/ixigo-coupons.html]
[cashkaro.com/stores/clovia-coupons.html]
[cashkaro.com/stores/zivame.html]
[cashkaro.com/stores/xyxx-discount-code.html]
[cashkaro.com/stores/shyaway-coupons.html]
[cashkaro.com/stores/damensch-coupon-codes.html]
[cashkaro.com/stores/go-daddy.html]
[cashkaro.com/stores/bigrock.html]
[cashkaro.com/stores/udemy-coupons.html]
[cashkaro.com/stores/pepperfry.html]
[cashkaro.com/stores/firstcry.html]
[cashkaro.com/product/lingerie.html]
[cashkaro.com/product/home-appliances.html]
[cashkaro.com/product/kitchen-appliances.html]
[cashkaro.com/product/home-appliances/washing-machines-offers.html]
[cashkaro.com/product/home-appliances/refrigerators-offers.html]
[cashkaro.com/product/baby-products/baby-bath-products.html]
[cashkaro.com/product/beauty/fragrances.html]
[cashkaro.com/product/beauty/skin-care-products.html]
[cashkaro.com/product/beauty/hair-care-products.html]
[cashkaro.com/product/beauty/beard-shaving.html]
[cashkaro.com/product/home-appliances/air-conditioners-offers.html]
[cashkaro.com/product/baby-products/baby-skin-care.html]
[cashkaro.com/product/home-appliances/air-purifiers.html]
[cashkaro.com/product/electronics-products.html]
[cashkaro.com/product/fashion-accessories.html]
[cashkaro.com/product/personal-care-appliances.html]
[asset22.ckassets.com/resources/image/staticpage_images/1-1604301995.png]
[asset22.ckassets.com/resources/image/staticpage_images/testimonial1-1592374231.png]
[asset22.ckassets.com/resources/image/staticpage_images/testimonial2-1592374251.png]
[asset22.ckassets.com/resources/image/staticpage_images/testimonial3-1592374264.png]
[asset22.ckassets.com/resources/image/staticpage_images/testimonial4-1592374276.png]
[asset22.ckassets.com/resources/image/staticpage_images/testimonial5-1592374289.png]
[asset22.ckassets.com/resources/image/staticpage_images/testimonial6-1592374302.png]
[asset22.ckassets.com/resources/image/staticpage_images/testimonial7-1592374315.png]
[cashkaro.com/page/why-cashkaro.html]
[cashkaro.com/press.html]
[cashkaro.com/blog/index.html]
[cashkaro.com/testimonials.html]
[cashkaro.com/terms-conditions.html]
[cashkaro.com/privacy-policy.html]
[cashkaro.com/anti-spam-policy.html]
[cashkaro.com/page/careers.html]
[cashkaro.com/page/become-our-partner.html]
[cashkaro.com/page/student-program.html]
[cashkaro.com/contact-us8d7a.html]
[asset22.ckassets.com/wp/wp-content/themes/CashKaro_WP_V1/img/googleplay.png]
[asset22.ckassets.com/wp/wp-content/themes/CashKaro_WP_V1/img/iosapp.png]
[asset22.ckassets.com/wp/wp-content/themes/CashKaro_WP_V1/img/app_icon.png]
[cashkaro.com/index.html]
[cashkaro.com/_next/static/css/b47cb28d745af831.css]
[cashkaro.com/_next/static/media/ajax-loader.0b80f665.gif]
[cashkaro.com/_next/static/media/slick.25572f22.eot]
[cashkaro.com/_next/static/media/slick.25572f22d41d.eot]
[cashkaro.com/_next/static/media/slick.653a4cbb.woff]
[cashkaro.com/_next/static/media/slick.6aa1ee46.ttf]
[cashkaro.com/_next/static/css/4df78f2cd73d6b26.css]
[cashkaro.com/static/media/angle-up.22be1be2.html]
[cashkaro.com/static/media/angle-left.a6cbd8e6.html]
[cashkaro.com/static/media/angle-right.845e9f11.html]
[cashkaro.com/_next/static/media/slick.f895cfdf.svg]
[cashkaro.com/_next/static/chunks/9327-fc6330d8b0bb8a35.js]
[cashkaro.com/_next/static/chunks/8295-141c794edf468a1b.js]
[cashkaro.com/_next/static/chunks/pages/product/category-52c7ecbf99353902.js]
[m.media-amazon.com/images/W/MEDIAX_792452-T1/images/I/71RPZAqZDcL._SX522_.jpg]
[cashkaro.com/realme-11-5g/CKS-Mobiles-0003489613.html]
[asset20.ckassets.com/resources/image/ckseller/CKS-Mobiles-000140_1-1663849255.jpg]
[cashkaro.com/apple-iphone-13/CKS-Mobiles-0001404e65.html]
[m.media-amazon.com/images/I/61LB+d0vheL._SX679_.jpg]
[cashkaro.com/oneplus-nord-ce-3-lite-5g/CKS-Mobiles-0002964940.html]
[asset20.ckassets.com/resources/image/ckseller/CKS-Mobiles-000245_1-1665577882.jpg]
[cashkaro.com/apple-iphone-14/CKS-Mobiles-0002454e65.html]
[m.media-amazon.com/images/I/71qjUzUt+ML._SL1500_.jpg]
[cashkaro.com/oneplus-11r-5g/CKS-Mobiles-000286cfa5.html]
[cashkaro.com/apple-iphone-12/CKS-Mobiles-000108af22.html]
[rukminim2.flixcart.com/image/416/416/xif0q/mobile/p/m/c/12-5g-india-s-1st-snapdragon-4-gen-2-with-22w-fast-charging-original-imags7gyqkup45zm9531.jpg]
[cashkaro.com/redmi-12-5g/CKS-Mobiles-000320339f.html]
[m.media-amazon.com/images/W/MEDIAX_792452-T1/images/I/818UhQ1kpdL._SX569_.jpg]
[cashkaro.com/realme-narzo-60x-5g/CKS-Mobiles-00032212c1.html]
[m.media-amazon.com/images/I/91HRACirFrL._SX679_.jpg]
[cashkaro.com/samsung-galaxy-m14-5g/CKS-Mobiles-0003036dbe.html]
[m.media-amazon.com/images/W/MEDIAX_792452-T1/images/I/6175SlKKECL._SX569_.jpg]
[cashkaro.com/oneplus-nord-ce-3-5g/CKS-Mobiles-000345fba2.html]
[cashkaro.com/realme-narzo-n53/CKS-Mobiles-000294834e.html]
[asset20.ckassets.com/resources/image/ckseller/CKS-Mobiles-000228_1-1663315117.jpg]
[cashkaro.com/samsung-galaxy-m13-5g/CKS-Mobiles-000228e3e9.html]
[rukminim2.flixcart.com/image/416/416/xif0q/mobile/5/q/6/-original-imags487ftf3g2s79531.jpg]
[cashkaro.com/realme-c53/CKS-Mobiles-0003460452.html]
[m.media-amazon.com/images/I/61Id6WJDWqL._SX679_.jpg]
[cashkaro.com/iqoo-z7-pro-5g/CKS-Mobiles-00033689c8.html]
[cashkaro.com/realme-narzo-60-5g/CKS-Mobiles-000312d3d7.html]
[asset20.ckassets.com/resources/image/ckseller/CKS-Mobiles-000257_1-1673336015.jpg]
[cashkaro.com/samsung-galaxy-m04/CKS-Mobiles-00025779a2.html]
[cashkaro.com/realme-narzo-n55/CKS-Mobiles-0000227dcb.html]
[asset20.ckassets.com/resources/image/ckseller/CKS-Mobiles-000232_1-1663746174.jpg]
[cashkaro.com/iqoo-z6-lite-5g/CKS-Mobiles-0002322b48.html]
[cashkaro.com/iqoo-z7s-5g-by-vivo/CKS-Mobiles-000293b705.html]
[cashkaro.com/redmi-12c/CKS-Mobiles-000301ce39.html]
[asset20.ckassets.com/resources/image/ckseller/CKS-Mobiles-000267_1-1676447034.jpg]
[cashkaro.com/oneplus-11-5g/CKS-Mobiles-000267a5bb.html]
[cashkaro.com/redmi-a2/CKS-Mobiles-000314f053.html]
[cashkaro.com/iqoo-neo-7-pro-5g/CKS-Mobiles-0003184605.html]
[m.media-amazon.com/images/I/81ZV6G2iRrL._SX679_.jpg]
[cashkaro.com/realme-narzo-60-pro/CKS-Mobiles-0003139faf.html]
[cashkaro.com/brands/mobiles-tablets-brand/oneplus-india.html]
[cashkaro.com/brands/mobiles-tablets-brand/asus-india.html]
[asset22.ckassets.com/resources/image/staticpage_images/online-mobile-shopping-1632397766.jpg]
[cashkaro.com/brands/mobiles-tablets-brand/samsung-india.html]
[cashkaro.com/brands/mobiles-tablets-brand/oppo-india.html]
[cashkaro.com/brands/mobiles-tablets-brand/vivo-india.html]
[cashkaro.com/brands/mobiles-tablets-brand/xiaomi-india.html]
[cashkaro.com/brands/mobiles-tablets-brand/apple-india.html]
[asset22.ckassets.com/resources/image/staticpage_images/India-Smartphone-Quarterly-Market-Share-Data-1661168913.png]
[cashkaro.com/blog/indian-mobile-brands/166592.html]
[cashkaro.com/stores/2gud-mobiles.html]
[cashkaro.com/stores/bigcmobiles-coupons.html]
[cashkaro.com/stores/mi-india-coupons.html]
[cashkaro.com/stores/paytmmall-offers.html]
[cashkaro.com/brands/mobiles-tablets-brand/honor-india.html]
[cashkaro.com/brands/mobiles-tablets-brand/intex-india.html]
[cashkaro.com/brands/mobiles-tablets-brand/mi-india.html]
[cashkaro.com/product/mobile-phones-offers.html]
[cashkaro.com/brands/mobiles-tablets-brand/nokia-india.html]
[asset20.ckassets.com/resources/image/ckseller/CKS-Headphones-000280_1-1660037874.jpg]
[cashkaro.com/oneplus-bullets-z2-wireless-neckband/CKS-Headphones-000280b26a.html]
[cashkaro.com/boat-bassheads-100-wired-earphones/CKS-Headphones-000441c3f0.html]
[asset20.ckassets.com/resources/image/ckseller/CKS-Headphones-000082_1-1626439703.jpg]
[cashkaro.com/boat-rockerz-255-pro-wireless-neckband/CKS-Headphones-0000823326.html]
[m.media-amazon.com/images/I/611BCw7ulaL._SX679_.jpg]
[cashkaro.com/oneplus-nord-buds-2r-truly-wireless-earbuds/CKS-Headphones-000426c585.html]
[m.media-amazon.com/images/I/51sZ0bOotML._SX679_.jpg]
[cashkaro.com/oneplus-bullets-wireless-z2-neckband-with-anc/CKS-Headphones-0004531954.html]
[m.media-amazon.com/images/I/61Jw78HUL8L._SX679_.jpg]
[cashkaro.com/oneplus-nord-buds-2-truly-wireless-earbuds/CKS-Headphones-0003795aa9.html]
[asset20.ckassets.com/resources/image/ckseller/CKS-Headphones-000230_1-1633084139.jpg]
[cashkaro.com/boat-airdopes-141-truly-wireless-earbuds/CKS-Headphones-000230543e.html]
[m.media-amazon.com/images/I/31NnmYempPL._SX300_SY300_QL70_FMwebp_.jpg]
[cashkaro.com/jbl-c100si-wired-headphones/CKS-Headphones-000378c3f0.html]
[asset20.ckassets.com/resources/image/ckseller/CKS-Headphones-000306_1-1668674496.jpg]
[cashkaro.com/apple-wired-earpods/CKS-Headphones-0003065453.html]
[m.media-amazon.com/images/W/MEDIAX_792452-T1/images/I/51TRuzlKyvS._SY450_.jpg]
[cashkaro.com/boat-bassheads-152-wired-earphones/CKS-Headphones-0004433326.html]
[asset20.ckassets.com/resources/image/ckseller/CKS-Headphones-000307_1-1668674496.jpg]
[cashkaro.com/apple-airpods-pro-2nd-generation-/CKS-Headphones-0003075453.html]
[m.media-amazon.com/images/W/MEDIAX_792452-T1/images/I/61ars+VGPVL._SX569_.jpg]
[cashkaro.com/boat-airdopes-141-tws-earbuds-with-anc/CKS-Headphones-000437ec37.html]
[m.media-amazon.com/images/I/41TtXRUzOSL._SX300_SY300_QL70_FMwebp_.jpg]
[cashkaro.com/portronics-conch-tune-c-wired-earphones/CKS-Headphones-0004567908.html]
[m.media-amazon.com/images/I/31E9pG3jccL._SL500_.jpg]
[cashkaro.com/boat-airdopes-atom-81-truly-wireless-earbuds/CKS-Headphones-0004013a65.html]
[m.media-amazon.com/images/I/31DYx7AhW6L._SL500_.jpg]
[cashkaro.com/zebronics-zeb-bro-wired-earphones/CKS-Headphones-0002215788.html]
[m.media-amazon.com/images/I/31uQjRuF5LL._SX300_SY300_QL70_FMwebp_.jpg]
[cashkaro.com/realme-buds-t300-truly-wireless-earbuds/CKS-Headphones-0004629e2c.html]
[m.media-amazon.com/images/W/MEDIAX_792452-T1/images/I/411Q2oYRoPL._SX300_SY300_QL70_FMwebp_.jpg]
[cashkaro.com/boat-rockerz-245-v2-pro-neckband/CKS-Headphones-0004463326.html]
[m.media-amazon.com/images/I/31wsNTDExQL._SL500_.jpg]
[cashkaro.com/boult-audio-z40-truely-wireless-earbuds/CKS-Headphones-00040909a0.html]
[m.media-amazon.com/images/I/61xqefY2rZL._SY450_.jpg]
[cashkaro.com/realme-buds-wireless-3-neckband-with-anc/CKS-Headphones-0004635453.html]
[m.media-amazon.com/images/I/41oSB2U3I6L._SL500_.jpg]
[cashkaro.com/realme-techlife-buds-t100-earbuds/CKS-Headphones-0003025453.html]
[m.media-amazon.com/images/W/MEDIAX_792452-T1/images/I/311Whu9tWES._SX300_SY300_QL70_FMwebp_.jpg]
[cashkaro.com/boat-bassheads-105-wired-earphones/CKS-Headphones-000442c3f0.html]
[m.media-amazon.com/images/I/31q-ER88DQL._SX300_SY300_QL70_FMwebp_.jpg]
[cashkaro.com/oneplus-nord-wired-earphones/CKS-Headphones-000364c3f0.html]
[m.media-amazon.com/images/W/MEDIAX_792452-T1/images/I/41GHdGG5YrL._SX300_SY300_QL70_FMwebp_.jpg]
[cashkaro.com/boat-airdopes-200-plus-tws-earbuds/CKS-Headphones-000439c270.html]
[asset20.ckassets.com/resources/image/ckseller/CKS-Headphones-000294_1-1663742828.jpg]
[cashkaro.com/boat-airdopes-121-pro-truly-wireless-earbuds/CKS-Headphones-000294977f.html]
[asset22.ckassets.com/resources/image/staticpage_images/headphones-offers-online-1633437198.jpg]
[asset22.ckassets.com/resources/image/staticpage_images/Bluetooth-headphones-1641457279.png]
[cashkaro.com/stores/gonoise-coupons.html]
[cashkaro.com/stores/sennheiser-india.html]
[cashkaro.com/stores/vijaysales-coupons.html]
[cashkaro.com/brands/electronics-appliances-brand/jbl-india.html]
[cashkaro.com/brands/electronics-appliances-brand/panasonic-india.html]
[cashkaro.com/brands/electronics-appliances-brand/philips-india.html]
[cashkaro.com/brands/electronics-appliances-brand/sennheiser-india.html]
[cashkaro.com/brands/electronics-appliances-brand/sony-india.html]
[cashkaro.com/brands/electronics-appliances-brand/zebronics-india.html]
[cashkaro.com/brands/home-and-kitchen-brand/nova-india.html]
[cashkaro.com/product/earphones-headphones-offers/earbuds-airpods.html]
[cashkaro.com/product/earphones-headphones-offers/neckbands.html]
[cashkaro.com/product/earphones-headphones-offers.html]
[cashkaro.com/product/earphones-headphones-offers/earphones.html]
[m.media-amazon.com/images/I/71jG+e7roXL._SX679_.jpg]
[m.media-amazon.com/images/I/61xzutxSl8L._SY450_.jpg]
[cashkaro.com/apple-macbook-air-laptop-with-m1-chip-133-inch-2020-model/CKS-Laptops-00010434d4.html]
[cashkaro.com/acer-aspire-5-gaming-laptop-intel-core-i5-12th-gen-16-gb-512-gb-ssd-windows-11-home-4gb-graphics-a515-57g/CKS-Laptops-0001527908.html]
[m.media-amazon.com/images/I/71gVpwCy1bL._SY450_.jpg]
[cashkaro.com/lenovo-ideapad-slim-3-intel-core-i5-12th-gen-156-inche-fhd-thin-light-laptop-16gb-512gb-ssd-/CKS-Laptops-000144f53d.html]
[m.media-amazon.com/images/I/71h9nOTd93L._SL1500_.jpg]
[cashkaro.com/hp-victus-gaming-laptop-12th-gen-intel-core-i5-12450h-nvidia-rtx-3050-gpu-15-6-inch-fhd-ips-144hz-16gb-ddr4-512gb-ssd-backlit-kb-fa0666tx/PPS1-B0C2HZYM87.html]
[m.media-amazon.com/images/I/719C6bJv8jL._SL1500_.jpg]
[cashkaro.com/apple-macbook-air-laptop-with-m2-chip-136-inch-2022-model/CKS-Laptops-0001634096.html]
[m.media-amazon.com/images/I/91+6YECnK3L._SY450_.jpg]
[cashkaro.com/hp-15s-12th-gen-intel-core-i5-8gb-ram-512gb-ssd-156-inch-micro-edge-anti-glare-fhd-laptop-win-11-/CKS-Laptops-00008373ec.html]
[m.media-amazon.com/images/I/81UWgnVKDBL._SL1500_.jpg]
[cashkaro.com/asus-tuf-gaming-f15-15-6-inch-fhd-144hz-i7-11800h-11th-gen-4gb-nvidia-geforce-rtx-3050-ti-16gb-512gb-ssd-windows-11-90whrs-battery-black-2-30-kg-fx506he-hn382w/PPS1-B0CCYGC3TS.html]
[m.media-amazon.com/images/I/61bX2AoGj2L._SL1500_.jpg]
[cashkaro.com/apple-macbook-pro-laptop-with-m2-chip-133-inch-2022-model/CKS-Laptops-00016434d4.html]
[m.media-amazon.com/images/I/81-qfzp7+KL._SY450_.jpg]
[cashkaro.com/acer-aspire-3-intel-core-i3-1215u-processor-8gb-512-gb-ssd-windows-11-home-ms-office-a315-59-with-396-cm-156-full-hd-display/CKS-Laptops-000155b298.html]
[m.media-amazon.com/images/I/618gNo+ohxL._SL1500_.jpg]
[cashkaro.com/apple-macbook-pro-laptop-with-m2-max-chip-142-inch-2023-model/CKS-Laptops-0001659240.html]
[m.media-amazon.com/images/I/81Fm0tRFdHL._SL1500_.jpg]
[cashkaro.com/apple-macbook-air-laptop-with-m2-chip-153-inch-2023-model/CKS-Laptops-0001682e00.html]
[m.media-amazon.com/images/W/MEDIAX_792452-T1/images/I/71czGb00k5L._SY450_.jpg]
[cashkaro.com/acer-aspire-lite-11th-gen-intel-core-i3-laptop-8gb-ram-256gb-ssd-windows-11-/CKS-Laptops-000169290f.html]
[m.media-amazon.com/images/W/MEDIAX_792452-T1/images/I/71Blj59DzzL._SY450_.jpg]
[cashkaro.com/hp-laptop-15s-12th-gen-intel-core-i3-1215u-laptop-8gb-ram-512gb-ssd-window-11-/CKS-Laptops-000170b298.html]
[m.media-amazon.com/images/W/MEDIAX_792452-T1/images/I/718YNxpFkIL._SX679_.jpg]
[cashkaro.com/hp-laptop-15s-amd-ryzen-7-5700u-laptop-16gb-ram-512gb-ssd-windows-11-/CKS-Laptops-000171b298.html]
[m.media-amazon.com/images/I/81CgXmspz7L._SL1500_.jpg]
[cashkaro.com/hp-victus-gaming-laptop-amd-ryzen-5-5600h-15-6-inch-fhd-ips-8gb-ram-512gb-ssd-amd-radeon-rx-6500m-graphics-4gb-gddr6-144hz-backlit-kb-b-o-win-11-15-fb0777ax/PPS1-B0BSG1S3GN.html]
[m.media-amazon.com/images/I/71c0GSxtEEL._SL1500_.jpg]
[cashkaro.com/apple-macbook-pro-laptop-with-m2-pro-chip-142-inch-2023-model/CKS-Laptops-0001665906.html]
[cashkaro.com/asus-vivobook-15-intel-core-i7-12650h-12th-gen-15-6-inch-fhd-thin-and-light-laptop-16gb-512gb-win11-office-2021-blue-1-7-kg-x1502za-ej741ws/PPS1-B0C5N2SM8K.html]
[m.media-amazon.com/images/I/618M+ksuptL._SL1500_.jpg]
[cashkaro.com/apple-macbook-pro-laptop-with-m2-pro-chip-162-inch-2023-model/CKS-Laptops-0001110898.html]
[m.media-amazon.com/images/I/617rprfdhRL._SL1500_.jpg]
[cashkaro.com/acer-aspire-lite-11th-gen-intel-core-i3-premium-metal-laptop-8gb-ram-512gb-ssd-15-6-inch-fhd-windows-11-home-metal-body-steel-gray-1-59-kg/PPS1-B0C8P8G3WJ.html]
[cashkaro.com/asus-vivobook-15-intel-core-i5-12500h-12th-gen-15-6-inch-fhd-thin-and-light-laptop-16gb-512gb-win11-office-2021-blue-1-7-kg-x1502za-ej541ws/PPS1-B0C7H6SSC8.html]
[cashkaro.com/apple-macbook-pro-laptop-with-m2-max-chip-162-inch-2023-model/CKS-Laptops-0001059240.html]
[m.media-amazon.com/images/I/71zGuzO+GVL._SL1500_.jpg]
[cashkaro.com/hp-pavilion-14-12th-gen-intel-core-i5-1235u-14-inch-fhd-16gb-ddr4-512gb-ssd-intel-iris-xe-graphics-win-11-mso-2021-silver-1-41-kg-dv2014tu/PPS1-B0B1M9HYBT.html]
[m.media-amazon.com/images/I/71ZxVXxFhAL._SL1500_.jpg]
[cashkaro.com/asus-tuf-gaming-f15-2023-intel-core-i7-12700h-12th-gen-15-6-fhd-144hz-8gb-rtx-4060-gaming-laptop-16gb-512gb-ssd-windows-11-gray-2-20-kg-fx507zv-lp094w/PPS1-B0C4TW7328.html]
[m.media-amazon.com/images/I/71-Fx3Vfq5L._SL1500_.jpg]
[cashkaro.com/asus-tuf-gaming-laptop-f15-i5-11400h-11th-gen-15-6-inch-fhd-16gb-512gb-ssd-4gb-nvidia-geforce-rtx-2050-win-11-black-2-30-kg-fx506hf-hn025w/PPS1-B0C27SD9YR.html]
[cashkaro.com/brands/electronics-appliances-brand/dell-india.html]
[cashkaro.com/brands/electronics-appliances-brand/hp-india.html]
[cashkaro.com/brands/electronics-appliances-brand/microsoft-india.html]
[cashkaro.com/brands/electronics-appliances-brand/lenovo-india.html]
[asset21.ckassets.com/themes/ck-storepage-v2_Mobile/img/trans_bg.png]
[cashkaro.com/brands/electronics-appliances-brand/msi-india.html]
[cashkaro.com/brands/electronics-appliances-brand/acer-india.html]
[cashkaro.com/product/laptops-offers.html]
[cashkaro.com/stores/2gud-coupons.html]
[cashkaro.com/puma-upto-60-off-on-men-s-tshirt-flat-7-cashkaro-cashback/PPS280-puma-cat-men-tshirt-0503.html]
[asset22.ckassets.com/resources/image/staticpage_images/MicrosoftTeams-image (1001)-1695023645.png]
[asset20.ckassets.com/resources/image/stores/puma-coupons-test-1701687494.jpg]
[cashkaro.com/puma-upto-60-off-on-men-s-track-pants-flat-7-cashkaro-cashback/PPS280-puma-cat-men-trackpant-18092023.html]
[asset22.ckassets.com/resources/image/staticpage_images/MicrosoftTeams-image (1019)-1695033708.png]
[cashkaro.com/xyxx-top-wear-starting-from-rs-449-flat-25-cashkaro-cashback/PPS280-xyxx-cat-men-top-wear-0503.html]
[asset22.ckassets.com/resources/image/staticpage_images/XYXX TSP(02-12)-1-1701665252.jpg]
[cashkaro.com/xyxx-bottom-wear-starting-from-rs-419-flat-25-cashkaro-cashback/PPS280-xyxx-cat-men-bottom-wear-0503.html]
[asset22.ckassets.com/resources/image/staticpage_images/XYXX TSP(02-12)-2-1701665277.jpg]
[cashkaro.com/brands/clothing-brand/allen-solly-india.html]
[cashkaro.com/brands/clothing-brand/levis-india.html]
[cashkaro.com/brands/clothing-brand/roadster-india.html]
[cashkaro.com/brands/sports-brand/nike-india.html]
[cashkaro.com/brands/clothing-brand/wrangler-india.html]
[cashkaro.com/product/men-clothing/men-shirts.html]
[cashkaro.com/product/men-clothing/men-tshirts.html]
[cashkaro.com/product/men-clothing/men-winterwear.html]
[cashkaro.com/product/men-clothing/men-jeans-trousers.html]
[cashkaro.com/stores/h-and-m-coupons.html]
[cashkaro.com/stores/jack-and-jones-coupons.html]
[cashkaro.com/stores/marks-and-spencer-offers.html]
[cashkaro.com/stores/shoppers-stop.html]
[cashkaro.com/brands/clothing-brand/tommy-hilfiger-india.html]
[cashkaro.com/brands/sports-brand/adidas-india.html]
[cashkaro.com/brands/sports-brand/puma-india.html]
[cashkaro.com/product/men-clothing.html]
[cashkaro.com/brands/sports-brand/reebok-india.html]
[cashkaro.com/puma-upto-55-off-on-women-s-tops-and-tshirts-flat-7-cashkaro-cashback/PPS280-puma-cat-women-top-tshirt-0503.html]
[asset22.ckassets.com/resources/image/staticpage_images/MicrosoftTeams-image (1016)-1695033046.png]
[cashkaro.com/puma-upto-50-off-on-women-s-track-pants-and-skirts-flat-7-cashkaro-cashback/PPS280-puma-cat-women-trackpant-0503.html]
[asset22.ckassets.com/resources/image/staticpage_images/MicrosoftTeams-image (1017)-1695033690.png]
[cashkaro.com/amazon-60-80-off-on-women-s-western-wear-flat-3-cashkaro-rewards/PPS1-amazon-cat-women-western-0503.html]
[asset22.ckassets.com/resources/image/staticpage_images/Western wear-1709639737.jpg]
[cashkaro.com/amazon-50-80-off-on-women-s-ethnic-wear-flat-3-cashkaro-rewards/PPS1-amazon-cat-women-ethnic-0503.html]
[asset22.ckassets.com/resources/image/staticpage_images/Ethnic wear-1709639745.jpg]
[asset22.ckassets.com/resources/image/staticpage_images/Women-Watches-1639136627.png]
[cashkaro.com/product/fashion-accessories/men-bags-wallets.html]
[cashkaro.com/product/fashion-accessories/men-watches-offers.html]
[cashkaro.com/stores/bewakoof.html]
[cashkaro.com/stores/big-bazaar-offers.html]
[cashkaro.com/stores/max-fashion-coupons.html]
[cashkaro.com/stores/decathlon-coupon.html]
[cashkaro.com/stores/fossil-coupons.html]
[cashkaro.com/stores/fastrack.html]
[cashkaro.com/brands/watches-brand/sonata-india.html]
[cashkaro.com/brands/accessories-and-bags-brand/lavie-india.html]
[cashkaro.com/brands/watches-brand/guess-india.html]
[cashkaro.com/stores/nike-offers.html]
[cashkaro.com/brands/accessories-and-bags-brand/titan-india.html]
[cashkaro.com/product/women-clothing.html]
[cashkaro.com/product/women-clothing/women-tops-tshirts.html]
[cashkaro.com/product/women-clothing/women-ethnic-wear.html]
[asset22.ckassets.com/resources/image/staticpage_images/MicrosoftTeams-image (1005)-1695023826.png]
[cashkaro.com/puma-upto-60-off-on-men-s-sport-shoes-flat-7-cashkaro-cashback/PPS280-puma-cat-men-sport-shoes-0503.html]
[asset22.ckassets.com/resources/image/staticpage_images/MicrosoftTeams-image (1020)-1695033861.png]
[cashkaro.com/puma-upto-60-off-on-men-s-casual-shoes-sneakers-flat-7-cashkaro-cashback/PPS280-puma-cat-men-casual-shoes-0503.html]
[asset22.ckassets.com/resources/image/staticpage_images/MicrosoftTeams-image (1002)-1695023664.png]
[cashkaro.com/puma-upto-50-off-on-women-s-sport-shoes-flat-7-cashkaro-cashback/PPS280-puma-cat-women-sport-shoes-0503.html]
[cashkaro.com/product/men-shoes/men-casual-shoes.html]
[cashkaro.com/product/men-shoes/men-sports-shoes.html]
[cashkaro.com/product/men-shoes/men-formal-shoes.html]
[cashkaro.com/brands/shoes-brand/red-tape-india.html]
[cashkaro.com/brands/shoes-brand/sparx-india.html]
[cashkaro.com/product/men-shoes/men-slippers-flip-flops.html]
[cashkaro.com/stores/reebok-coupons.html]
[cashkaro.com/stores/shopcrocs-coupons.html]
[cashkaro.com/stores/campus-shoes-coupons.html]
[cashkaro.com/product/men-shoes.html]
[cashkaro.com/brands/shoes-brand/carlton-london-india.html]
[asset22.ckassets.com/resources/image/staticpage_images/MicrosoftTeams-image (1018)-1695033672.png]
[cashkaro.com/puma-upto-60-off-on-women-s-casual-shoes-sneakers-flat-7-cashkaro-cashback/PPS280-puma-cat-women-casual-shoes-0503.html]
[cashkaro.com/amazon-women-s-heel-and-pumps-under-rs-599-flat-3-cashkaro-rewards/PPS1-amazon-cat-women-heels-0503.html]
[asset22.ckassets.com/resources/image/staticpage_images/Heel & Pumps-1709639753.jpg]
[asset22.ckassets.com/resources/image/staticpage_images/Womenss Shoes-1709699674.jpg]
[cashkaro.com/amazon-women-s-sports-and-outdoor-shoes-under-rs-999-flat-3-cashkaro-rewards/PPS1-amazon-cat-women-sport-shoes-0503.html]
[asset22.ckassets.com/resources/image/staticpage_images/Women-Shoes-1637569401.png]
[cashkaro.com/product/women-shoes/women-casual-shoes.html]
[cashkaro.com/product/women-shoes/women-sandals.html]
[cashkaro.com/product/women-clothing/women-dresses.html]
[cashkaro.com/product/women-clothing/women-kurtas-kurtis.html]
[cashkaro.com/product/women-clothing/women-jeans-trousers.html]
[cashkaro.com/product/women-clothing/women-winterwear.html]
[cashkaro.com/brands/shoes-brand/catwalk-india.html]
[cashkaro.com/brands/shoes-brand/mochi-india.html]
[cashkaro.com/product/women-shoes/women-heels.html]
[cashkaro.com/product/women-shoes.html]
[cashkaro.com/product/women-shoes/women-sports-shoes.html]
[cashkaro.com/nivea-body-lotion-for-very-dry-skin-nourishing-body-milk-with-2x-almond-oil/CKS-Skin-Care-0000110d0b7.html]
[cashkaro.com/maybelline-new-york-lip-balm-pink-red-pack-of-2/CKS-Beauty-000282.html]
[cashkaro.com/bblunt-intense-moisture-shampoo-conditioner-duo-300ml-250gm-/CKS-Conditioner-000046.html]
[cashkaro.com/wishcare-100-pure-premium-cold-pressed-olive-oil-for-hair-and-skinn/CKS-Beauty-0001952549.html]
[cashkaro.com/dove-cream-beauty-bathing-bar-125-g-combo-pack-of-3-/CKS-Skin-Care-00051502f9.html]
[cashkaro.com/lotus-professional-phytorx-whitening-and-brightening-cream/CKS-Beauty-0001391999.html]
[cashkaro.com/loreal-paris-moisture-sealing-conditioner-with-hyaluronic-acid-dehydrated-hair/CKS-Conditioner-000059c022.html]
[cashkaro.com/dot-and-key-lip-plumping-sleeping-mask-vitamin-c-e/CKS-Beauty-000103d233.html]
[cashkaro.com/aqualogica-glow-oil-free-moisturizer/CKS-Beauty-000250e631.html]
[m.media-amazon.com/images/I/61Ur6uVWDML._SX522_.jpg]
[cashkaro.com/lotus-herbals-whiteglow-skin-whitening-and-brightening-face-cream-with-spf-25/CKS-Beauty-0003140196.html]
[asset20.ckassets.com/resources/image/ckseller/CKS-Skin-Care-000348_1-1645098753.jpg]
[cashkaro.com/neutrogena-ultra-sheer-sunscreen-spf-50-ultra-light-for-oily-and-dry-skin/CKS-Skin-Care-000327db8f.html]
[m.media-amazon.com/images/I/410bbhupnVL.jpg]
[cashkaro.com/the-derma-co-5-aha-bha-face-gel-for-active-acne/CKS-Skin-Care-0003482d87.html]
[cashkaro.com/mamaearth-moisture-matte-long-stay-lipstick/CKS-Beauty-0000172ff4.html]
[m.media-amazon.com/images/I/315kbLxlkTL._SL500_.jpg]
[m.media-amazon.com/images/I/31L+BuRqnUL._SY300_SX300_.jpg]
[cashkaro.com/plum-10-niacinamide-face-serum-with-rice-water-for-clear-bright-skin/CKS-Beauty-000273d233.html]
[m.media-amazon.com/images/I/51EppU8iGML._SX522_.jpg]
[cashkaro.com/maybelline-new-york-liquid-foundation-220-natural-beige-18ml/CKS-Beauty-000283.html]
[m.media-amazon.com/images/I/51TZNE+S77L._SY450_PIbundle-3,TopRight,0,0_AA450SH20_.jpg]
[cashkaro.com/biotique-sun-shield-sandalwood-50-spf-uvb-sunscreen-ultra-protective-lotion-for-all-skin-types/CKS-Skin-Care-00001583f61.html]
[m.media-amazon.com/images/I/41r5QyguldL._SX300_SY300_QL70_FMwebp_.jpg]
[cashkaro.com/loreal-paris-shampoo-650ml-conditioner-180ml-serum-40ml-for-damaged-and-weak-hair/CKS-Conditioner-000060.html]
[m.media-amazon.com/images/I/41NzDDxXqOL._SX569_.jpg]
[cashkaro.com/maybelline-new-york-kajal-twin-pack-035g-pack-of-2/CKS-Beauty-000278.html]
[cashkaro.com/maybelline-new-york-volum-express-hyper-curl-mascara-washable-very-black/CKS-Beauty-000271.html]
[m.media-amazon.com/images/I/51GqyNWGwlL._SL1201_.jpg]
[cashkaro.com/mamaearth-sunscreen-body-lotion-spf-30/CKS-Skin-Care-0004273842.html]
[m.media-amazon.com/images/I/51F29WiGdLL._SL500_.jpg]
[cashkaro.com/loreal-paris-casting-creme-gloss-hair-color-darkest-brown-300-875g-72ml/CKS-Beauty-0000410d68.html]
[asset20.ckassets.com/resources/image/ckseller/CKS-Beauty-000020_1-1646900554.jpg]
[m.media-amazon.com/images/I/519nJFbK1NL._SY450_.jpg]
[m.media-amazon.com/images/I/41lOpuGX+5L._SL500_.jpg]
[cashkaro.com/aqualogica-glow-dewy-sunscreen-spf-50-with-papaya-vitamin-c-blue-light-protection-brightens-hydrates-skin/CKS-Skin-Care-000605a8cb.html]
[cashkaro.com/the-derma-co-20-vitamin-c-face-serum-for-men-and-women-for-skin-radiance/CKS-Skin-Care-0003455714.html]
[cashkaro.com/stores/amazon-health-beauty.html]
[cashkaro.com/stores/lotus-offers.html]
[cashkaro.com/stores/aqualogica-coupons.html]
[cashkaro.com/product/beauty/men-hair-removal.html]
[cashkaro.com/product/beauty/makeup-products.html]
[cashkaro.com/product/beauty/bath-and-body-products.html]
[cashkaro.com/product/beauty.html]
[cashkaro.com/product/beauty/eye-care.html]
[m.media-amazon.com/images/I/5136Y63Lq4L._SL500_.jpg]
[cashkaro.com/tata-salt-vacuum-evaporated-iodised-salt/CKS-Grocery-00069115e5.html]
[m.media-amazon.com/images/I/31bodtI3+GL._SL500_.jpg]
[cashkaro.com/surf-excel-matic-liquid-detergent-front-load/CKS-Grocery-000253bccf.html]
[m.media-amazon.com/images/I/41zt8dUR1fL._SL500_.jpg]
[cashkaro.com/scotch-brite-2-in-1-bucket-spin-mop-green-2-refills-/CKS-Grocery-000736d15b.html]
[m.media-amazon.com/images/I/41qy6T6NbiL._SL500_.jpg]
[cashkaro.com/figaro-olive-oil-pure-olive-oil-tin/CKS-Grocery-0005392549.html]
[m.media-amazon.com/images/I/31+t9zSzVML._SL500_.jpg]
[m.media-amazon.com/images/I/41GHEcZjHrL._SL500_.jpg]
[cashkaro.com/all-out-ultra-mosquito-repellant-refill-faster-action-45ml-pack-of-6-each-/CKS-Grocery-000426.html]
[m.media-amazon.com/images/I/41b17oKzFUL._SL500_.jpg]
[cashkaro.com/cadbury-bournvita-health-drink-pouch/CKS-Grocery-000473c8e9.html]
[cashkaro.com/colgate-strong-teeth-cavity-protection-toothpaste-500gm-pack-of-3-/CKS-Grocery-000495.html]
[m.media-amazon.com/images/I/41WrEQhMLbL._SL500_.jpg]
[cashkaro.com/vim-dishwash-liquid-gel-lemon-with-lemon-fragrance/CKS-Grocery-000294b0c6.html]
[m.media-amazon.com/images/I/31D-n-SxovL._SL500_.jpg]
[m.media-amazon.com/images/I/61WAEgFxGRL._SX679_.jpg]
[cashkaro.com/hit-flying-insect-killer-mosquito-fly-killer-spray/CKS-Grocery-0004372549.html]
[m.media-amazon.com/images/I/71CSmOdX+sL._SX679_.jpg]
[cashkaro.com/surf-excel-quick-wash-detergent-washing-powder-with-lemon-bleach/CKS-Grocery-0008461a09.html]
[m.media-amazon.com/images/I/71TGR32Jp0L._SX679_PIbundle-2,TopRight,0,0_SX679SY497SH20_.jpg]
[cashkaro.com/ankur-ipl-detergent-powder-washing-powder-with-lemon-bleach-pack-of-2-/CKS-Grocery-0007961c41.html]
[cashkaro.com/surf-excel-matic-top-load-liquid-detergent-refill-pack-of-2-/CKS-Grocery-0008456418.html]
[m.media-amazon.com/images/I/61+0OMNrB4L._SX679_.jpg]
[cashkaro.com/henko-matic-powder-new-top-load-detergent/CKS-Grocery-0008159c28.html]
[m.media-amazon.com/images/I/71Fyo4th0rL._SX679_.jpg]
[cashkaro.com/k2square-free-and-gentle-laundry-detergent-liquid-soap-purple/CKS-Grocery-000827723c.html]
[m.media-amazon.com/images/I/51caYuM44bL._SX679_.jpg]
[cashkaro.com/moon-mount-top-load-front-lload-detergent-liquid-for-washing-machine/CKS-Grocery-0008296868.html]
[m.media-amazon.com/images/I/41khi6vpfVS._SX300_SY300_QL70_FMwebp_.jpg]
[cashkaro.com/surf-excel-3-in-1-smart-shots-liquid-detergent-for-front-load-top-load-washing-machines/CKS-Grocery-000839b548.html]
[m.media-amazon.com/images/W/MEDIAX_792452-T1/images/I/71CyHKIIQZL._SX679_PIbundle-3,TopRight,0,0_AA679SH20_.jpg]
[cashkaro.com/dettol-strawberry-foaming-handwash-pump-pack-of-3/CKS-Beauty-000375575f.html]
[m.media-amazon.com/images/I/31x1JKwqi7L.jpg]
[cashkaro.com/hyde-xl-liquid-detergent-suitable-washing-machine-bucket-wash/CKS-Grocery-0008222119.html]
[m.media-amazon.com/images/I/71LE75DuhkL._SX679_PIbundle-2,TopRight,0,0_AA679SH20_.jpg]
[m.media-amazon.com/images/I/61c23JZqgqL._SY425_.jpg]
[cashkaro.com/yardley-london-english-lavender-fragrant-handwash-pack-of-2/CKS-Skin-Care-0007590067.html]
[cashkaro.com/hirparag-liquid-detergent-laundry-liquid-suitable-for-top-load-front-load-machine/CKS-Grocery-0008216868.html]
[m.media-amazon.com/images/I/61f93-jhToL._SX679_.jpg]
[cashkaro.com/ariel-matic-liquid-detergent-front-load/CKS-Grocery-000801b484.html]
[m.media-amazon.com/images/I/71zFOlk9H4L._SX679_PIbundle-2,TopRight,0,0_AA679SH20_.jpg]
[cashkaro.com/genteel-matic-liquid-detergent-for-top-load-washing-1kg-bottle-1kg-refill-pouch/CKS-Grocery-00081007c9.html]
[m.media-amazon.com/images/I/61TOP52oPHL._SY879_.jpg]
[m.media-amazon.com/images/I/61MFjMzHkHL._SX679_.jpg]
[cashkaro.com/yardley-london-english-lavender-fragrant-handwash/CKS-Skin-Care-000758371e.html]
[cashkaro.com/surf-excel-matic-3-in-1-smartshots-of-dissolvable-detergent-capsules/CKS-Grocery-000842b2ae.html]
[cashkaro.com/stores/licious-coupons.html]
[asset22.ckassets.com/resources/image/staticpage_images/buy-grocery-online-1640607072.png]
[cashkaro.com/stores/swiggy-coupons.html]
[cashkaro.com/stores/dunzo-coupons.html]
[cashkaro.com/stores/grofers-coupons.html]
[cashkaro.com/stores/bigbasket.html]
[cashkaro.com/stores/spencers-coupons.html]
[cashkaro.com/stores/jio-mart-offers.html]
[cashkaro.com/product/grocery/staples.html]
[cashkaro.com/product/grocery/household-care-products.html]
[cashkaro.com/product/grocery/personal-care.html]
[cashkaro.com/product/grocery/dairy-products.html]
[cashkaro.com/product/grocery/snacks-and-beverages.html]
[cashkaro.com/product/grocery.html]
[cashkaro.com/product/grocery/packaged-food.html]
[m.media-amazon.com/images/I/41fmRAq-sUL._SL500_.jpg]
[m.media-amazon.com/images/I/51kn4+Ldt6L._SL500_.jpg]
[cashkaro.com/huggies-complete-comfort-dry-pants/CKS-Diapers-00003259fc.html]
[m.media-amazon.com/images/I/31F7HlsoHoL._SL500_.jpg]
[cashkaro.com/himalaya-herbal-gentle-baby-shampoo/CKS-Baby-Bath-Essentials-000054bc92.html]
[m.media-amazon.com/images/I/51ZtMF4oMyL._SL500_.jpg]
[cashkaro.com/mylo-baby-adjustable-washable-reusable-cloth-diaper-with-dry-feel-absorbent-insert-pad-3m-3y-/CKS-Diapers-000057dc28.html]
[cashkaro.com/mamypoko-pants-extra-absorb-9-14-kg/CKS-Diapers-00004585a8.html]
[m.media-amazon.com/images/I/41T+kqfWCRL._SL500_.jpg]
[cashkaro.com/himalaya-herbal-baby-cream/CKS-Baby-Skin-Care-000029ecff.html]
[m.media-amazon.com/images/I/31jS-gJZM8L._SL500_.jpg]
[cashkaro.com/himalaya-herbals-baby-lotion/CKS-Baby-Skin-Care-000011bc92.html]
[m.media-amazon.com/images/I/41h2OUTBycL._SX300_SY300_QL70_FMwebp_.jpg]
[cashkaro.com/mylo-care-baby-diaper-pants-x-large-xl-12-17-kgs-with-aloe-vera-lotion-28-count-/CKS-Diapers-000067be32.html]
[m.media-amazon.com/images/I/318tUxm7lcL._SL500_.jpg]
[cashkaro.com/himalaya-herbals-baby-powder/CKS-Baby-Grooming-0000076f34.html]
[m.media-amazon.com/images/I/51wD14fqX3L._SL500_.jpg]
[cashkaro.com/pampers-diapers-pants/CKS-Diapers-000004c8f0.html]
[m.media-amazon.com/images/I/41kwdl6RfYL._SL500_.jpg]
[cashkaro.com/mamypoko-pants-standard-4-8-kg/CKS-Diapers-0000488425.html]
[m.media-amazon.com/images/I/41yZQ+T7-ML._SL500_.jpg]
[cashkaro.com/himalaya-herbal-extra-moisturizing-baby-wash/CKS-Baby-Bath-Essentials-0000533269.html]
[m.media-amazon.com/images/I/416BtkUffiL._SL500_.jpg]
[cashkaro.com/himalaya-herbal-gentle-baby-soap-value-pack-of-4/CKS-Baby-Bath-Essentials-0000563f3e.html]
[m.media-amazon.com/images/I/41iSTkJLYuL._SL500_.jpg]
[cashkaro.com/mee-mee-baby-gentle-baby-wipes-72-wipes/CKS-Wipes-000005c915.html]
[m.media-amazon.com/images/I/614oLjrl80L._SX679_.jpg]
[cashkaro.com/mylo-care-baby-diaper-pants-large-l-9-14-kgs-with-aloe-vera-lotion-32-count-/CKS-Diapers-000059d02d.html]
[m.media-amazon.com/images/I/718ii1JIBTL._SX679_PIbundle-84,TopRight,0,0_AA679SH20_.jpg]
[cashkaro.com/mylo-care-baby-diaper-pants-small-s-4-8-kgs-with-adl-technology-84-count-/CKS-Diapers-00006410b9.html]
[m.media-amazon.com/images/I/41m332D5LnL._SX569_.jpg]
[m.media-amazon.com/images/I/41k3EDNlQbL._SL500_.jpg]
[cashkaro.com/baby-dove-rich-moisture-baby-wash/CKS-Baby-Bath-Essentials-0000033269.html]
[cashkaro.com/mamypoko-pants-extra-absorb-18-35-kg/CKS-Diapers-00004264a2.html]
[m.media-amazon.com/images/I/51aSos-RQDL._SL500_.jpg]
[cashkaro.com/pampers-all-round-protection-pants/CKS-Diapers-00005224ac.html]
[m.media-amazon.com/images/I/51b58b1y+QL._SL500_.jpg]
[m.media-amazon.com/images/I/71KGZPCZirL._SX679_PIbundle-3,TopRight,0,0_AA679SH20_.jpg]
[m.media-amazon.com/images/I/416hnTo9GRL._SX679_.jpg]
[cashkaro.com/mylo-care-gentle-baby-wipes-with-lid-pack-of-3-/CKS-Wipes-000014.html]
[cashkaro.com/supples-baby-baby-wipes-72-wipes/CKS-Wipes-000007c915.html]
[m.media-amazon.com/images/I/41bPeqQLg-L._SL500_.jpg]
[cashkaro.com/himalaya-herbal-baby-massage-oil/CKS-Baby-Bath-Essentials-000031bc92.html]
[m.media-amazon.com/images/I/417MHeq75tL._SL500_.jpg]
[cashkaro.com/himalaya-gentle-baby-soap-75gm-buy-3-get-1-free-/CKS-Baby-Bath-Essentials-0000513f3e.html]
[asset22.ckassets.com/resources/image/staticpage_images/Baby-Products-Online-1632401169.jpg]
[cashkaro.com/product/baby-products/diapers-offers.html]
[cashkaro.com/product/baby-products/baby-wipes.html]
[cashkaro.com/stores/hopscotch.html]
[cashkaro.com/brands/babies-and-toys-brand/chicco-india.html]
[cashkaro.com/brands/babies-and-toys-brand/horlicks-india.html]
[cashkaro.com/brands/babies-and-toys-brand/huggies-india.html]
[cashkaro.com/brands/babies-and-toys-brand/mee-mee-india.html]
[cashkaro.com/product/baby-products.html]
[cashkaro.com/brands/babies-and-toys-brand/pampers-india.html]
[cashkaro.com/_next/static/chunks/2525-746e750d7bbb158c.js]
[cashkaro.com/_next/static/chunks/pages/stores-1aa08cabe4c4d2b5.js]
[cashkaro.com/stores/12go-asia-promo-code.html]
[cashkaro.com/stores/1mglabs-coupons.html]
[cashkaro.com/stores/20dresses-coupons.html]
[cashkaro.com/stores/360-total-security-coupons.html]
[cashkaro.com/stores/5paisa-coupons.html]
[cashkaro.com/stores/82e-coupons.html]
[cashkaro.com/stores/99designs-coupons.html]
[cashkaro.com/stores/altbalaji-coupons.html]
[cashkaro.com/stores/aubank-altura-credit-card.html]
[cashkaro.com/stores/aubank-altura-plus-dm-1800.html]
[cashkaro.com/stores/aubank-savings-account.html]
[cashkaro.com/stores/au-bank-lit-credit-card.html]
[cashkaro.com/stores/au-bank-swipeup-credit-card.html]
[cashkaro.com/stores/aachho-coupon-codes.html]
[cashkaro.com/stores/aakash-aiats-neet.html]
[cashkaro.com/stores/aakash-neet-booster-test-series.html]
[cashkaro.com/stores/aastey-coupons.html]
[cashkaro.com/stores/abebooks-coupons.html]
[cashkaro.com/stores/abhibus-coupons.html]
[cashkaro.com/stores/abhishti-coupons.html]
[cashkaro.com/stores/accessorize-london-coupons.html]
[cashkaro.com/stores/accor-coupons.html]
[cashkaro.com/stores/ace-2-three.html]
[cashkaro.com/stores/acer-offers.html]
[cashkaro.com/stores/acko-bike-insurance-coupons.html]
[cashkaro.com/stores/acko-car-insurance.html]
[cashkaro.com/stores/acne-squad-coupons.html]
[cashkaro.com/stores/activbeaute-coupons.html]
[cashkaro.com/stores/adanione-coupons.html]
[cashkaro.com/stores/adda247-coupons.html]
[cashkaro.com/stores/adda52.html]
[cashkaro.com/stores/adda52-rummy-coupons.html]
[cashkaro.com/stores/addresshome-coupons.html]
[cashkaro.com/stores/adobe-offers.html]
[cashkaro.com/stores/adorama-coupons.html]
[cashkaro.com/stores/aegonlife-coupons.html]
[cashkaro.com/stores/agoda.html]
[cashkaro.com/stores/aha-taxis-coupons.html]
[cashkaro.com/stores/airarabia-coupons.html]
[cashkaro.com/stores/airindia-coupons.html]
[cashkaro.com/stores/air-india-express-coupons.html]
[cashkaro.com/stores/airvistara-coupons.html]
[cashkaro.com/stores/airasia-coupons.html]
[cashkaro.com/stores/airbnb-coupons.html]
[cashkaro.com/stores/airport-services-coupons.html]
[cashkaro.com/stores/akbartravels-coupons.html]
[cashkaro.com/stores/alamy-coupons.html]
[cashkaro.com/stores/alaya-by-stage3-coupons.html]
[cashkaro.com/stores/alchemlife-coupons.html]
[cashkaro.com/stores/alcis-coupons.html]
[cashkaro.com/stores/aldo-coupons.html]
[cashkaro.com/stores/alibaba-coupons.html]
[cashkaro.com/stores/aliexpress-coupons.html]
[cashkaro.com/stores/allonlinestore-coupons.html]
[cashkaro.com/stores/allensolly-coupons.html]
[cashkaro.com/stores/allianz-assistance.html]
[cashkaro.com/stores/almowear-coupons.html]
[cashkaro.com/stores/amala-earth-coupons.html]
[cashkaro.com/stores/amama-coupons.html]
[cashkaro.com/stores/amazfit-coupons.html]
[cashkaro.com/stores/amazon-recharge-offers.html]
[cashkaro.com/stores/americaneagle-coupons.html]
[cashkaro.com/stores/american-express-membership-rewards-credit-card.html]
[cashkaro.com/stores/american-express-smartearn-credit-card.html]
[cashkaro.com/stores/amydus-coupons.html]
[cashkaro.com/stores/analyttica-coupons.html]
[cashkaro.com/stores/andamen-coupons.html]
[cashkaro.com/stores/anitadongre-coupons.html]
[cashkaro.com/stores/apkainterior-coupons.html]
[cashkaro.com/stores/apollo247-offers.html]
[cashkaro.com/stores/aqualens-coupons.html]
[cashkaro.com/stores/arata-coupons.html]
[cashkaro.com/stores/archies.html]
[cashkaro.com/stores/aroma-magic-coupons.html]
[cashkaro.com/stores/artevenue-coupons.html]
[cashkaro.com/stores/arttdinox-coupons.html]
[cashkaro.com/stores/asianpaints-coupons.html]
[cashkaro.com/stores/asics-coupons.html]
[cashkaro.com/stores/asos-coupons.html]
[cashkaro.com/stores/the-assembly-coupons.html]
[cashkaro.com/stores/at-home-coupons.html]
[cashkaro.com/stores/athlab-coupons.html]
[cashkaro.com/stores/atlasvpn-coupons.html]
[cashkaro.com/stores/atticsalt-coupons.html]
[cashkaro.com/stores/aurelia-offers.html]
[cashkaro.com/stores/theauric-coupons.html]
[cashkaro.com/stores/autofresh-coupons.html]
[cashkaro.com/stores/autodesk-coupons.html]
[cashkaro.com/stores/autographix-coupons.html]
[cashkaro.com/stores/automovill-coupons.html]
[cashkaro.com/stores/aviasales-coupons.html]
[cashkaro.com/stores/avis-coupons.html]
[cashkaro.com/stores/avni-coupons.html]
[cashkaro.com/stores/axis-asap-digital-fixed-deposit.html]
[cashkaro.com/stores/bank-karo-axis-personal-loans.html]
[cashkaro.com/stores/bank-karo-axis-flipkart.html]
[cashkaro.com/stores/indian-oil-axis-bank-credit-card.html]
[cashkaro.com/stores/axis-bank-indian-oil-rupay-credit-card.html]
[cashkaro.com/stores/axis-lic-platinum-credit-card.html]
[cashkaro.com/stores/axis-lic-signature-credit-card.html]
[cashkaro.com/stores/axis-bank-magnus-credit-card.html]
[cashkaro.com/stores/axis-myzone-ltf-inc.html]
[cashkaro.com/stores/axis-bank-neo-dm-increase.html]
[cashkaro.com/stores/axis-bank-privilege-credit-card.html]
[cashkaro.com/stores/axis-samsung-infinite-credit-card.html]
[cashkaro.com/stores/axis-samsung-signature-credit-card.html]
[cashkaro.com/stores/axis-savings-account.html]
[cashkaro.com/stores/axis-bank-select-credit-card.html]
[cashkaro.com/stores/axis-bank-vistara-infinite-credit-card.html]
[cashkaro.com/stores/axis-bank-vistara-platinum-credit-card.html]
[cashkaro.com/stores/axis-vistara-signature-credit-card.html]
[cashkaro.com/stores/ayurvedic-source-coupons.html]
[cashkaro.com/stores/azanisport-coupons.html]
[cashkaro.com/stores/amaara-herbs-coupons.html]
[cashkaro.com/stores/bblunt-coupons.html]
[cashkaro.com/stores/bblunt-appliances-coupons.html]
[cashkaro.com/stores/bhim-abpb-offers.html]
[cashkaro.com/stores/back-cover-coupons.html]
[cashkaro.com/stores/bajaao-coupons.html]
[cashkaro.com/stores/bajaj-electricals-offers.html]
[cashkaro.com/stores/bajajfinserv-health-emi-network-card.html]
[cashkaro.com/stores/bajajfinserv-rbl-bank-credit-card.html]
[cashkaro.com/stores/bajaj-wallet-care.html]
[cashkaro.com/stores/bajaj-wallet-care-entertainment-plus.html]
[cashkaro.com/stores/bandarwalla-coupons.html]
[cashkaro.com/stores/bandbaajaa-coupons.html]
[cashkaro.com/stores/banggood-coupons.html]
[cashkaro.com/stores/bob-credit-cards.html]
[cashkaro.com/stores/bare-anatomy-coupons.html]
[cashkaro.com/stores/basics-life.html]
[cashkaro.com/stores/bata.html]
[cashkaro.com/stores/bathandbodyworks-coupons.html]
[cashkaro.com/stores/battle-galaxy-coupons.html]
[cashkaro.com/stores/bebodywise-coupons.html]
[cashkaro.com/stores/beyoung-coupons.html]
[cashkaro.com/stores/beardo-coupons.html]
[cashkaro.com/stores/beatxp-coupons.html]
[cashkaro.com/stores/beautybybie-coupons.html]
[cashkaro.com/stores/beco-coupons.html]
[cashkaro.com/stores/befikray-coupons.html]
[cashkaro.com/stores/behrouz-biryani-coupons.html]
[cashkaro.com/stores/bella-vita-coupons.html]
[cashkaro.com/stores/berkowits-coupons.html]
[cashkaro.com/stores/bestseller-clothing-coupons.html]
[cashkaro.com/stores/bevzilla-coupons.html]
[cashkaro.com/stores/beyond-enough-offers.html]
[cashkaro.com/stores/beyours-coupons.html]
[cashkaro.com/stores/bhane-coupons.html]
[cashkaro.com/stores/bharatmatrimony-coupons.html]
[cashkaro.com/stores/biba-coupons.html]
[cashkaro.com/stores/big-deals-24x7-coupons.html]
[cashkaro.com/stores/bigsmall-coupons.html]
[cashkaro.com/stores/biotique-coupons.html]
[cashkaro.com/stores/bira-coupons.html]
[cashkaro.com/stores/birthday-songs-with-names-coupons.html]
[cashkaro.com/stores/biryani-blues-coupons.html]
[cashkaro.com/stores/bisleri-coupons.html]
[cashkaro.com/stores/bitdroplet-coupons.html]
[cashkaro.com/stores/bitbns-coupons.html]
[cashkaro.com/stores/blablacar-coupons.html]
[cashkaro.com/stores/black-shark-coupons.html]
[cashkaro.com/stores/blackberrys-offers.html]
[cashkaro.com/stores/blinctrip-coupons.html]
[cashkaro.com/stores/blinglane-coupons.html]
[cashkaro.com/stores/blue-tea-coupons.html]
[cashkaro.com/stores/blue-tokai-coffee-coupons.html]
[cashkaro.com/stores/bluehost-coupons.html]
[cashkaro.com/stores/boddess-coupons.html]
[cashkaro.com/stores/body-cupid-coupons.html]
[cashkaro.com/stores/boho-botanist-coupons.html]
[cashkaro.com/stores/boldcare-coupons.html]
[cashkaro.com/stores/boltt-coupons.html]
[cashkaro.com/stores/bombae-coupons.html]
[cashkaro.com/stores/bombay-shaving-company-coupons.html]
[cashkaro.com/stores/bon-organik-coupons.html]
[cashkaro.com/stores/bonkers-corner-coupons.html]
[cashkaro.com/stores/bookeventz-coupons.html]
[cashkaro.com/stores/bookmybai-coupons.html]
[cashkaro.com/stores/bookmybus-coupons.html]
[cashkaro.com/stores/bookmycab-coupons.html]
[cashkaro.com/stores/bookmyshow.html]
[cashkaro.com/stores/borngood-coupons.html]
[cashkaro.com/stores/boult-audio-coupons.html]
[cashkaro.com/stores/boutiquefeel-coupons.html]
[cashkaro.com/stores/box8-coupons.html]
[cashkaro.com/stores/break-bounce-coupons.html]
[cashkaro.com/stores/brekkie-coupons.html]
[cashkaro.com/stores/brillare-coupons.html]
[cashkaro.com/stores/britishairways-coupons.html]
[cashkaro.com/stores/britishcouncil-coupons.html]
[cashkaro.com/stores/bro4u-coupons.html]
[cashkaro.com/stores/brooks-brothers-coupons.html]
[cashkaro.com/stores/buds-and-berries-coupons.html]
[cashkaro.com/stores/bummer-coupons.html]
[cashkaro.com/stores/burger-king-offers.html]
[cashkaro.com/stores/buy91-coupons.html]
[cashkaro.com/stores/buytestseries-coupons.html]
[cashkaro.com/stores/gradeup-coupons.html]
[cashkaro.com/stores/byjus-coupons.html]
[cashkaro.com/stores/cabbazar-coupons.html]
[cashkaro.com/stores/cadbury-gift-coupons.html]
[cashkaro.com/stores/cafago-coupons.html]
[cashkaro.com/stores/cakeplaza-coupons.html]
[cashkaro.com/stores/cakestudio-coupons.html]
[cashkaro.com/stores/caloriecare-coupons.html]
[cashkaro.com/stores/campussutra-coupons.html]
[cashkaro.com/stores/candere-coupons.html]
[cashkaro.com/stores/canvasprint-coupons.html]
[cashkaro.com/stores/canvera-coupons.html]
[cashkaro.com/stores/capital-float-coupons.html]
[cashkaro.com/stores/caprese-bags-coupons.html]
[cashkaro.com/stores/caratlane.html]
[cashkaro.com/stores/careasy-coupons.html]
[cashkaro.com/stores/carltonlondon-coupons.html]
[cashkaro.com/stores/cars24-coupons.html]
[cashkaro.com/stores/cashcow-personal-loan-offers.html]
[cashkaro.com/stores/cashify-coupons.html]
[cashkaro.com/stores/cashify-screen-pro.html]
[cashkaro.com/stores/cbazaar.html]
[cashkaro.com/stores/cello-coupon-codes.html]
[cashkaro.com/stores/chaipoint-coupons.html]
[cashkaro.com/stores/cheaptickets-promo-code.html]
[cashkaro.com/stores/chemist-at-play-coupons.html]
[cashkaro.com/stores/chhabra-555.html]
[cashkaro.com/stores/chimpwear-coupons.html]
[cashkaro.com/stores/chingari-app-coupons.html]
[cashkaro.com/stores/choosemybicycle-coupons.html]
[cashkaro.com/stores/chqbook-coupons.html]
[cashkaro.com/stores/chumbak.html]
[cashkaro.com/stores/cilory-coupons.html]
[cashkaro.com/stores/cinepolisindia-coupons.html]
[cashkaro.com/stores/circleone-coupons.html]
[cashkaro.com/stores/cityfurnish-coupons.html]
[cashkaro.com/stores/clarks-coupons.html]
[cashkaro.com/stores/classicrummy-coupons.html]
[cashkaro.com/stores/clay-telecom.html]
[cashkaro.com/stores/clear-car-rental.html]
[cashkaro.com/stores/clearvpn-coupons.html]
[cashkaro.com/stores/cleartrip-bus-coupons.html]
[cashkaro.com/stores/cleartrip-hotel-coupons.html]
[cashkaro.com/stores/cleartrip-international-flight-coupons.html]
[cashkaro.com/stores/clensta-coupons.html]
[cashkaro.com/stores/clickoncare-coupons.html]
[cashkaro.com/stores/clubmahindra-coupons.html]
[cashkaro.com/stores/mycocosoul-coupons.html]
[cashkaro.com/stores/cococart-coupons.html]
[cashkaro.com/stores/cocomo-coupons.html]
[cashkaro.com/stores/coin-bazaar-coupons.html]
[cashkaro.com/stores/coinswitch-coupons.html]
[cashkaro.com/stores/colorbar.html]
[cashkaro.com/stores.html]
[cashkaro.com/product.html]
[cashkaro.com/help.html]
[cashkaro.com/refer-and-earn.html]
[cashkaro.com/stores/amazon.html]
[cashkaro.com/stores/flipkart.html]
[cashkaro.com/stores/myntra.html]
[cashkaro.com/stores/ajio-coupons.html]
[cashkaro.com/stores/tatacliq-coupons.html]
[cashkaro.com/shop/amazon-sale-offers.html]
[cashkaro.com/stores/buykaro.html]
[cashkaro.com/shop/tatacliq-sale.html]
[cashkaro.com/stores/snapdeal.html]
[cashkaro.com/stores/itc-estore-offers.html]
[cashkaro.com/stores/nykaafashion-coupons.html]
[cashkaro.com/stores/puma-coupons.html]
[cashkaro.com/stores/adidas.html]
[cashkaro.com/stores/urbanic-coupon-codes.html]
[cashkaro.com/stores/nykaa.html]
[cashkaro.com/stores/mama-earth-coupons.html]
[cashkaro.com/stores/buywow-coupons.html]
[cashkaro.com/stores/mcaffeine-coupons.html]
[cashkaro.com/stores/minimalist-coupons.html]
[cashkaro.com/stores/thedermaco-coupons.html]
[cashkaro.com/stores/croma.html]
[cashkaro.com/stores/oneplus-coupons.html]
[cashkaro.com/stores/columbia-sportswear-coupons.html]
[cashkaro.com/stores/dell.html]
[cashkaro.com/stores/samsung-offers.html]
[cashkaro.com/stores/apple-offers.html]
[cashkaro.com/stores/lenovo.html]
[cashkaro.com/stores/boat-coupon.html]
[cashkaro.com/stores/1mg-coupons.html]
[cashkaro.com/stores/netmeds-coupons.html]
[cashkaro.com/stores/truemeds-coupon-code.html]
[cashkaro.com/stores/healthkart.html]
[cashkaro.com/stores/booking.html]
[cashkaro.com/stores/cleartrip.html]
[cashkaro.com/stores/makemytrip-domesticflights.html]
[cashkaro.com/stores/ixigo-coupons.html]
[cashkaro.com/stores/clovia-coupons.html]
[cashkaro.com/stores/zivame.html]
[cashkaro.com/stores/xyxx-discount-code.html]
[cashkaro.com/stores/shyaway-coupons.html]
[cashkaro.com/stores/damensch-coupon-codes.html]
[cashkaro.com/stores/go-daddy.html]
[cashkaro.com/stores/bigrock.html]
[cashkaro.com/stores/udemy-coupons.html]
[cashkaro.com/stores/pepperfry.html]
[cashkaro.com/stores/firstcry.html]
[cashkaro.com/product/lingerie.html]
[cashkaro.com/product/home-appliances.html]
[cashkaro.com/product/kitchen-appliances.html]
[cashkaro.com/product/home-appliances/washing-machines-offers.html]
[cashkaro.com/product/home-appliances/refrigerators-offers.html]
[cashkaro.com/product/baby-products/baby-bath-products.html]
[cashkaro.com/product/beauty/fragrances.html]
[cashkaro.com/product/beauty/skin-care-products.html]
[cashkaro.com/product/beauty/hair-care-products.html]
[cashkaro.com/product/beauty/beard-shaving.html]
[cashkaro.com/product/home-appliances/air-conditioners-offers.html]
[cashkaro.com/product/baby-products/baby-skin-care.html]
[cashkaro.com/product/home-appliances/air-purifiers.html]
[cashkaro.com/product/electronics-products.html]
[cashkaro.com/product/fashion-accessories.html]
[cashkaro.com/product/personal-care-appliances.html]
[cashkaro.com/page/why-cashkaro.html]
[cashkaro.com/press.html]
[cashkaro.com/blog/index.html]
[cashkaro.com/testimonials.html]
[cashkaro.com/terms-conditions.html]
[cashkaro.com/privacy-policy.html]
[cashkaro.com/anti-spam-policy.html]
[cashkaro.com/page/careers.html]
[cashkaro.com/page/become-our-partner.html]
[cashkaro.com/page/student-program.html]
[cashkaro.com/contact-us8d7a.html]
[cashkaro.com/_next/static/media/slick.f895cfdf.svg]
[cashkaro.com/realme-11-5g/CKS-Mobiles-0003489613.html]
[cashkaro.com/apple-iphone-13/CKS-Mobiles-0001404e65.html]
[cashkaro.com/oneplus-nord-ce-3-lite-5g/CKS-Mobiles-0002964940.html]
[cashkaro.com/apple-iphone-14/CKS-Mobiles-0002454e65.html]
[cashkaro.com/oneplus-11r-5g/CKS-Mobiles-000286cfa5.html]
[cashkaro.com/apple-iphone-12/CKS-Mobiles-000108af22.html]
[cashkaro.com/redmi-12-5g/CKS-Mobiles-000320339f.html]
[cashkaro.com/realme-narzo-60x-5g/CKS-Mobiles-00032212c1.html]
[cashkaro.com/samsung-galaxy-m14-5g/CKS-Mobiles-0003036dbe.html]
[cashkaro.com/oneplus-nord-ce-3-5g/CKS-Mobiles-000345fba2.html]
[cashkaro.com/realme-narzo-n53/CKS-Mobiles-000294834e.html]
[cashkaro.com/samsung-galaxy-m13-5g/CKS-Mobiles-000228e3e9.html]
[cashkaro.com/realme-c53/CKS-Mobiles-0003460452.html]
[cashkaro.com/iqoo-z7-pro-5g/CKS-Mobiles-00033689c8.html]
[cashkaro.com/realme-narzo-60-5g/CKS-Mobiles-000312d3d7.html]
[cashkaro.com/samsung-galaxy-m04/CKS-Mobiles-00025779a2.html]
[cashkaro.com/realme-narzo-n55/CKS-Mobiles-0000227dcb.html]
[cashkaro.com/iqoo-z6-lite-5g/CKS-Mobiles-0002322b48.html]
[cashkaro.com/iqoo-z7s-5g-by-vivo/CKS-Mobiles-000293b705.html]
[cashkaro.com/redmi-12c/CKS-Mobiles-000301ce39.html]
[cashkaro.com/oneplus-11-5g/CKS-Mobiles-000267a5bb.html]
[cashkaro.com/redmi-a2/CKS-Mobiles-000314f053.html]
[cashkaro.com/iqoo-neo-7-pro-5g/CKS-Mobiles-0003184605.html]
[cashkaro.com/realme-narzo-60-pro/CKS-Mobiles-0003139faf.html]
[cashkaro.com/brands/mobiles-tablets-brand/oneplus-india.html]
[cashkaro.com/brands/mobiles-tablets-brand/asus-india.html]
[cashkaro.com/brands/mobiles-tablets-brand/samsung-india.html]
[cashkaro.com/brands/mobiles-tablets-brand/oppo-india.html]
[cashkaro.com/brands/mobiles-tablets-brand/vivo-india.html]
[cashkaro.com/brands/mobiles-tablets-brand/xiaomi-india.html]
[cashkaro.com/brands/mobiles-tablets-brand/apple-india.html]
[cashkaro.com/blog/indian-mobile-brands/166592.html]
[cashkaro.com/stores/2gud-mobiles.html]
[cashkaro.com/stores/bigcmobiles-coupons.html]
[cashkaro.com/stores/mi-india-coupons.html]
[cashkaro.com/stores/paytmmall-offers.html]
[cashkaro.com/brands/mobiles-tablets-brand/honor-india.html]
[cashkaro.com/brands/mobiles-tablets-brand/intex-india.html]
[cashkaro.com/brands/mobiles-tablets-brand/mi-india.html]
[cashkaro.com/brands/mobiles-tablets-brand/nokia-india.html]
[cashkaro.com/oneplus-bullets-z2-wireless-neckband/CKS-Headphones-000280b26a.html]
[m.media-amazon.com/images/W/MEDIAX_792452-T1/images/I/719elVA3FvL._SY450_.jpg]
[cashkaro.com/boat-bassheads-100-wired-earphones/CKS-Headphones-000441c3f0.html]
[cashkaro.com/boat-rockerz-255-pro-wireless-neckband/CKS-Headphones-0000823326.html]
[cashkaro.com/oneplus-nord-buds-2r-truly-wireless-earbuds/CKS-Headphones-000426c585.html]
[cashkaro.com/oneplus-bullets-wireless-z2-neckband-with-anc/CKS-Headphones-0004531954.html]
[cashkaro.com/oneplus-nord-buds-2-truly-wireless-earbuds/CKS-Headphones-0003795aa9.html]
[cashkaro.com/boat-airdopes-141-truly-wireless-earbuds/CKS-Headphones-000230543e.html]
[cashkaro.com/jbl-c100si-wired-headphones/CKS-Headphones-000378c3f0.html]
[cashkaro.com/apple-wired-earpods/CKS-Headphones-0003065453.html]
[cashkaro.com/boat-bassheads-152-wired-earphones/CKS-Headphones-0004433326.html]
[cashkaro.com/apple-airpods-pro-2nd-generation-/CKS-Headphones-0003075453.html]
[cashkaro.com/boat-airdopes-141-tws-earbuds-with-anc/CKS-Headphones-000437ec37.html]
[cashkaro.com/portronics-conch-tune-c-wired-earphones/CKS-Headphones-0004567908.html]
[cashkaro.com/boat-airdopes-atom-81-truly-wireless-earbuds/CKS-Headphones-0004013a65.html]
[cashkaro.com/zebronics-zeb-bro-wired-earphones/CKS-Headphones-0002215788.html]
[cashkaro.com/realme-buds-t300-truly-wireless-earbuds/CKS-Headphones-0004629e2c.html]
[cashkaro.com/boat-rockerz-245-v2-pro-neckband/CKS-Headphones-0004463326.html]
[cashkaro.com/boult-audio-z40-truely-wireless-earbuds/CKS-Headphones-00040909a0.html]
[cashkaro.com/realme-buds-wireless-3-neckband-with-anc/CKS-Headphones-0004635453.html]
[cashkaro.com/realme-techlife-buds-t100-earbuds/CKS-Headphones-0003025453.html]
[cashkaro.com/boat-bassheads-105-wired-earphones/CKS-Headphones-000442c3f0.html]
[cashkaro.com/oneplus-nord-wired-earphones/CKS-Headphones-000364c3f0.html]
[cashkaro.com/boat-airdopes-200-plus-tws-earbuds/CKS-Headphones-000439c270.html]
[cashkaro.com/boat-airdopes-121-pro-truly-wireless-earbuds/CKS-Headphones-000294977f.html]
[cashkaro.com/stores/gonoise-coupons.html]
[cashkaro.com/stores/sennheiser-india.html]
[cashkaro.com/stores/vijaysales-coupons.html]
[cashkaro.com/brands/electronics-appliances-brand/jbl-india.html]
[cashkaro.com/brands/electronics-appliances-brand/panasonic-india.html]
[cashkaro.com/brands/electronics-appliances-brand/philips-india.html]
[cashkaro.com/brands/electronics-appliances-brand/sennheiser-india.html]
[cashkaro.com/brands/electronics-appliances-brand/sony-india.html]
[cashkaro.com/brands/electronics-appliances-brand/zebronics-india.html]
[cashkaro.com/brands/home-and-kitchen-brand/nova-india.html]
[cashkaro.com/product/earphones-headphones-offers/earbuds-airpods.html]
[cashkaro.com/product/earphones-headphones-offers/neckbands.html]
[cashkaro.com/product/earphones-headphones-offers/earphones.html]
[cashkaro.com/apple-macbook-air-laptop-with-m1-chip-133-inch-2020-model/CKS-Laptops-00010434d4.html]
[cashkaro.com/acer-aspire-5-gaming-laptop-intel-core-i5-12th-gen-16-gb-512-gb-ssd-windows-11-home-4gb-graphics-a515-57g/CKS-Laptops-0001527908.html]
[cashkaro.com/lenovo-ideapad-slim-3-intel-core-i5-12th-gen-156-inche-fhd-thin-light-laptop-16gb-512gb-ssd-/CKS-Laptops-000144f53d.html]
[cashkaro.com/hp-victus-gaming-laptop-12th-gen-intel-core-i5-12450h-nvidia-rtx-3050-gpu-15-6-inch-fhd-ips-144hz-16gb-ddr4-512gb-ssd-backlit-kb-fa0666tx/PPS1-B0C2HZYM87.html]
[cashkaro.com/apple-macbook-air-laptop-with-m2-chip-136-inch-2022-model/CKS-Laptops-0001634096.html]
[cashkaro.com/hp-15s-12th-gen-intel-core-i5-8gb-ram-512gb-ssd-156-inch-micro-edge-anti-glare-fhd-laptop-win-11-/CKS-Laptops-00008373ec.html]
[cashkaro.com/asus-tuf-gaming-f15-15-6-inch-fhd-144hz-i7-11800h-11th-gen-4gb-nvidia-geforce-rtx-3050-ti-16gb-512gb-ssd-windows-11-90whrs-battery-black-2-30-kg-fx506he-hn382w/PPS1-B0CCYGC3TS.html]
[cashkaro.com/apple-macbook-pro-laptop-with-m2-chip-133-inch-2022-model/CKS-Laptops-00016434d4.html]
[cashkaro.com/acer-aspire-3-intel-core-i3-1215u-processor-8gb-512-gb-ssd-windows-11-home-ms-office-a315-59-with-396-cm-156-full-hd-display/CKS-Laptops-000155b298.html]
[cashkaro.com/apple-macbook-pro-laptop-with-m2-max-chip-142-inch-2023-model/CKS-Laptops-0001659240.html]
[cashkaro.com/apple-macbook-air-laptop-with-m2-chip-153-inch-2023-model/CKS-Laptops-0001682e00.html]
[cashkaro.com/acer-aspire-lite-11th-gen-intel-core-i3-laptop-8gb-ram-256gb-ssd-windows-11-/CKS-Laptops-000169290f.html]
[cashkaro.com/hp-laptop-15s-12th-gen-intel-core-i3-1215u-laptop-8gb-ram-512gb-ssd-window-11-/CKS-Laptops-000170b298.html]
[cashkaro.com/hp-laptop-15s-amd-ryzen-7-5700u-laptop-16gb-ram-512gb-ssd-windows-11-/CKS-Laptops-000171b298.html]
[cashkaro.com/hp-victus-gaming-laptop-amd-ryzen-5-5600h-15-6-inch-fhd-ips-8gb-ram-512gb-ssd-amd-radeon-rx-6500m-graphics-4gb-gddr6-144hz-backlit-kb-b-o-win-11-15-fb0777ax/PPS1-B0BSG1S3GN.html]
[cashkaro.com/apple-macbook-pro-laptop-with-m2-pro-chip-142-inch-2023-model/CKS-Laptops-0001665906.html]
[cashkaro.com/asus-vivobook-15-intel-core-i7-12650h-12th-gen-15-6-inch-fhd-thin-and-light-laptop-16gb-512gb-win11-office-2021-blue-1-7-kg-x1502za-ej741ws/PPS1-B0C5N2SM8K.html]
[cashkaro.com/apple-macbook-pro-laptop-with-m2-pro-chip-162-inch-2023-model/CKS-Laptops-0001110898.html]
[cashkaro.com/acer-aspire-lite-11th-gen-intel-core-i3-premium-metal-laptop-8gb-ram-512gb-ssd-15-6-inch-fhd-windows-11-home-metal-body-steel-gray-1-59-kg/PPS1-B0C8P8G3WJ.html]
[cashkaro.com/asus-vivobook-15-intel-core-i5-12500h-12th-gen-15-6-inch-fhd-thin-and-light-laptop-16gb-512gb-win11-office-2021-blue-1-7-kg-x1502za-ej541ws/PPS1-B0C7H6SSC8.html]
[cashkaro.com/apple-macbook-pro-laptop-with-m2-max-chip-162-inch-2023-model/CKS-Laptops-0001059240.html]
[cashkaro.com/hp-pavilion-14-12th-gen-intel-core-i5-1235u-14-inch-fhd-16gb-ddr4-512gb-ssd-intel-iris-xe-graphics-win-11-mso-2021-silver-1-41-kg-dv2014tu/PPS1-B0B1M9HYBT.html]
[cashkaro.com/asus-tuf-gaming-f15-2023-intel-core-i7-12700h-12th-gen-15-6-fhd-144hz-8gb-rtx-4060-gaming-laptop-16gb-512gb-ssd-windows-11-gray-2-20-kg-fx507zv-lp094w/PPS1-B0C4TW7328.html]
[cashkaro.com/asus-tuf-gaming-laptop-f15-i5-11400h-11th-gen-15-6-inch-fhd-16gb-512gb-ssd-4gb-nvidia-geforce-rtx-2050-win-11-black-2-30-kg-fx506hf-hn025w/PPS1-B0C27SD9YR.html]
[cashkaro.com/brands/electronics-appliances-brand/dell-india.html]
[cashkaro.com/brands/electronics-appliances-brand/hp-india.html]
[cashkaro.com/brands/electronics-appliances-brand/microsoft-india.html]
[cashkaro.com/brands/electronics-appliances-brand/lenovo-india.html]
[cashkaro.com/brands/electronics-appliances-brand/msi-india.html]
[cashkaro.com/brands/electronics-appliances-brand/acer-india.html]
[cashkaro.com/stores/2gud-coupons.html]
[cashkaro.com/puma-upto-60-off-on-men-s-tshirt-flat-7-cashkaro-cashback/PPS280-puma-cat-men-tshirt-0503.html]
[cashkaro.com/puma-upto-60-off-on-men-s-track-pants-flat-7-cashkaro-cashback/PPS280-puma-cat-men-trackpant-18092023.html]
[cashkaro.com/xyxx-top-wear-starting-from-rs-449-flat-25-cashkaro-cashback/PPS280-xyxx-cat-men-top-wear-0503.html]
[cashkaro.com/xyxx-bottom-wear-starting-from-rs-419-flat-25-cashkaro-cashback/PPS280-xyxx-cat-men-bottom-wear-0503.html]
[cashkaro.com/brands/clothing-brand/allen-solly-india.html]
[cashkaro.com/brands/clothing-brand/levis-india.html]
[cashkaro.com/brands/clothing-brand/roadster-india.html]
[cashkaro.com/brands/sports-brand/nike-india.html]
[cashkaro.com/brands/clothing-brand/wrangler-india.html]
[cashkaro.com/product/men-clothing/men-shirts.html]
[cashkaro.com/product/men-clothing/men-tshirts.html]
[cashkaro.com/product/men-clothing/men-winterwear.html]
[cashkaro.com/product/men-clothing/men-jeans-trousers.html]
[cashkaro.com/stores/h-and-m-coupons.html]
[cashkaro.com/stores/jack-and-jones-coupons.html]
[cashkaro.com/stores/marks-and-spencer-offers.html]
[cashkaro.com/stores/shoppers-stop.html]
[cashkaro.com/brands/clothing-brand/tommy-hilfiger-india.html]
[cashkaro.com/brands/sports-brand/adidas-india.html]
[cashkaro.com/brands/sports-brand/puma-india.html]
[cashkaro.com/brands/sports-brand/reebok-india.html]
[cashkaro.com/puma-upto-55-off-on-women-s-tops-and-tshirts-flat-7-cashkaro-cashback/PPS280-puma-cat-women-top-tshirt-0503.html]
[cashkaro.com/puma-upto-50-off-on-women-s-track-pants-and-skirts-flat-7-cashkaro-cashback/PPS280-puma-cat-women-trackpant-0503.html]
[cashkaro.com/amazon-60-80-off-on-women-s-western-wear-flat-3-cashkaro-rewards/PPS1-amazon-cat-women-western-0503.html]
[cashkaro.com/amazon-50-80-off-on-women-s-ethnic-wear-flat-3-cashkaro-rewards/PPS1-amazon-cat-women-ethnic-0503.html]
[cashkaro.com/product/fashion-accessories/men-bags-wallets.html]
[cashkaro.com/product/fashion-accessories/men-watches-offers.html]
[cashkaro.com/stores/bewakoof.html]
[cashkaro.com/stores/big-bazaar-offers.html]
[cashkaro.com/stores/max-fashion-coupons.html]
[cashkaro.com/stores/decathlon-coupon.html]
[cashkaro.com/stores/fastrack.html]
[cashkaro.com/stores/fossil-coupons.html]
[cashkaro.com/brands/watches-brand/sonata-india.html]
[cashkaro.com/brands/watches-brand/guess-india.html]
[cashkaro.com/brands/accessories-and-bags-brand/lavie-india.html]
[cashkaro.com/stores/nike-offers.html]
[cashkaro.com/brands/accessories-and-bags-brand/titan-india.html]
[cashkaro.com/product/women-clothing/women-tops-tshirts.html]
[cashkaro.com/product/women-clothing/women-ethnic-wear.html]
[cashkaro.com/puma-upto-60-off-on-men-s-sport-shoes-flat-7-cashkaro-cashback/PPS280-puma-cat-men-sport-shoes-0503.html]
[cashkaro.com/puma-upto-60-off-on-men-s-casual-shoes-sneakers-flat-7-cashkaro-cashback/PPS280-puma-cat-men-casual-shoes-0503.html]
[cashkaro.com/puma-upto-50-off-on-women-s-sport-shoes-flat-7-cashkaro-cashback/PPS280-puma-cat-women-sport-shoes-0503.html]
[cashkaro.com/product/men-shoes/men-casual-shoes.html]
[cashkaro.com/product/men-shoes/men-sports-shoes.html]
[cashkaro.com/product/men-shoes/men-formal-shoes.html]
[cashkaro.com/brands/shoes-brand/red-tape-india.html]
[cashkaro.com/brands/shoes-brand/sparx-india.html]
[cashkaro.com/product/men-shoes/men-slippers-flip-flops.html]
[cashkaro.com/stores/reebok-coupons.html]
[cashkaro.com/stores/shopcrocs-coupons.html]
[cashkaro.com/stores/campus-shoes-coupons.html]
[cashkaro.com/brands/shoes-brand/carlton-london-india.html]
[cashkaro.com/puma-upto-60-off-on-women-s-casual-shoes-sneakers-flat-7-cashkaro-cashback/PPS280-puma-cat-women-casual-shoes-0503.html]
[cashkaro.com/amazon-women-s-heel-and-pumps-under-rs-599-flat-3-cashkaro-rewards/PPS1-amazon-cat-women-heels-0503.html]
[cashkaro.com/amazon-women-s-sports-and-outdoor-shoes-under-rs-999-flat-3-cashkaro-rewards/PPS1-amazon-cat-women-sport-shoes-0503.html]
[cashkaro.com/product/women-shoes/women-casual-shoes.html]
[cashkaro.com/product/women-shoes/women-sandals.html]
[cashkaro.com/product/women-clothing/women-dresses.html]
[cashkaro.com/product/women-clothing/women-kurtas-kurtis.html]
[cashkaro.com/product/women-clothing/women-jeans-trousers.html]
[cashkaro.com/product/women-clothing/women-winterwear.html]
[cashkaro.com/brands/shoes-brand/catwalk-india.html]
[cashkaro.com/brands/shoes-brand/mochi-india.html]
[cashkaro.com/product/women-shoes/women-heels.html]
[cashkaro.com/product/women-shoes/women-sports-shoes.html]
[cashkaro.com/nivea-body-lotion-for-very-dry-skin-nourishing-body-milk-with-2x-almond-oil/CKS-Skin-Care-0000110d0b7.html]
[cashkaro.com/maybelline-new-york-lip-balm-pink-red-pack-of-2/CKS-Beauty-000282.html]
[cashkaro.com/bblunt-intense-moisture-shampoo-conditioner-duo-300ml-250gm-/CKS-Conditioner-000046.html]
[cashkaro.com/wishcare-100-pure-premium-cold-pressed-olive-oil-for-hair-and-skinn/CKS-Beauty-0001952549.html]
[cashkaro.com/dove-cream-beauty-bathing-bar-125-g-combo-pack-of-3-/CKS-Skin-Care-00051502f9.html]
[cashkaro.com/lotus-professional-phytorx-whitening-and-brightening-cream/CKS-Beauty-0001391999.html]
[cashkaro.com/loreal-paris-moisture-sealing-conditioner-with-hyaluronic-acid-dehydrated-hair/CKS-Conditioner-000059c022.html]
[cashkaro.com/dot-and-key-lip-plumping-sleeping-mask-vitamin-c-e/CKS-Beauty-000103d233.html]
[cashkaro.com/aqualogica-glow-oil-free-moisturizer/CKS-Beauty-000250e631.html]
[cashkaro.com/lotus-herbals-whiteglow-skin-whitening-and-brightening-face-cream-with-spf-25/CKS-Beauty-0003140196.html]
[cashkaro.com/neutrogena-ultra-sheer-sunscreen-spf-50-ultra-light-for-oily-and-dry-skin/CKS-Skin-Care-000327db8f.html]
[cashkaro.com/the-derma-co-5-aha-bha-face-gel-for-active-acne/CKS-Skin-Care-0003482d87.html]
[cashkaro.com/mamaearth-moisture-matte-long-stay-lipstick/CKS-Beauty-0000172ff4.html]
[cashkaro.com/plum-10-niacinamide-face-serum-with-rice-water-for-clear-bright-skin/CKS-Beauty-000273d233.html]
[cashkaro.com/maybelline-new-york-liquid-foundation-220-natural-beige-18ml/CKS-Beauty-000283.html]
[cashkaro.com/biotique-sun-shield-sandalwood-50-spf-uvb-sunscreen-ultra-protective-lotion-for-all-skin-types/CKS-Skin-Care-00001583f61.html]
[cashkaro.com/loreal-paris-shampoo-650ml-conditioner-180ml-serum-40ml-for-damaged-and-weak-hair/CKS-Conditioner-000060.html]
[cashkaro.com/maybelline-new-york-kajal-twin-pack-035g-pack-of-2/CKS-Beauty-000278.html]
[cashkaro.com/maybelline-new-york-volum-express-hyper-curl-mascara-washable-very-black/CKS-Beauty-000271.html]
[cashkaro.com/mamaearth-sunscreen-body-lotion-spf-30/CKS-Skin-Care-0004273842.html]
[cashkaro.com/loreal-paris-casting-creme-gloss-hair-color-darkest-brown-300-875g-72ml/CKS-Beauty-0000410d68.html]
[cashkaro.com/aqualogica-glow-dewy-sunscreen-spf-50-with-papaya-vitamin-c-blue-light-protection-brightens-hydrates-skin/CKS-Skin-Care-000605a8cb.html]
[cashkaro.com/the-derma-co-20-vitamin-c-face-serum-for-men-and-women-for-skin-radiance/CKS-Skin-Care-0003455714.html]
[cashkaro.com/stores/amazon-health-beauty.html]
[cashkaro.com/stores/lotus-offers.html]
[cashkaro.com/stores/aqualogica-coupons.html]
[cashkaro.com/product/beauty/men-hair-removal.html]
[cashkaro.com/product/beauty/makeup-products.html]
[cashkaro.com/product/beauty/bath-and-body-products.html]
[cashkaro.com/product/beauty/eye-care.html]
[cashkaro.com/tata-salt-vacuum-evaporated-iodised-salt/CKS-Grocery-00069115e5.html]
[cashkaro.com/surf-excel-matic-liquid-detergent-front-load/CKS-Grocery-000253bccf.html]
[cashkaro.com/scotch-brite-2-in-1-bucket-spin-mop-green-2-refills-/CKS-Grocery-000736d15b.html]
[cashkaro.com/figaro-olive-oil-pure-olive-oil-tin/CKS-Grocery-0005392549.html]
[cashkaro.com/all-out-ultra-mosquito-repellant-refill-faster-action-45ml-pack-of-6-each-/CKS-Grocery-000426.html]
[cashkaro.com/cadbury-bournvita-health-drink-pouch/CKS-Grocery-000473c8e9.html]
[cashkaro.com/colgate-strong-teeth-cavity-protection-toothpaste-500gm-pack-of-3-/CKS-Grocery-000495.html]
[cashkaro.com/vim-dishwash-liquid-gel-lemon-with-lemon-fragrance/CKS-Grocery-000294b0c6.html]
[cashkaro.com/hit-flying-insect-killer-mosquito-fly-killer-spray/CKS-Grocery-0004372549.html]
[cashkaro.com/surf-excel-quick-wash-detergent-washing-powder-with-lemon-bleach/CKS-Grocery-0008461a09.html]
[cashkaro.com/ankur-ipl-detergent-powder-washing-powder-with-lemon-bleach-pack-of-2-/CKS-Grocery-0007961c41.html]
[cashkaro.com/surf-excel-matic-top-load-liquid-detergent-refill-pack-of-2-/CKS-Grocery-0008456418.html]
[cashkaro.com/henko-matic-powder-new-top-load-detergent/CKS-Grocery-0008159c28.html]
[cashkaro.com/k2square-free-and-gentle-laundry-detergent-liquid-soap-purple/CKS-Grocery-000827723c.html]
[cashkaro.com/moon-mount-top-load-front-lload-detergent-liquid-for-washing-machine/CKS-Grocery-0008296868.html]
[cashkaro.com/surf-excel-3-in-1-smart-shots-liquid-detergent-for-front-load-top-load-washing-machines/CKS-Grocery-000839b548.html]
[cashkaro.com/dettol-strawberry-foaming-handwash-pump-pack-of-3/CKS-Beauty-000375575f.html]
[cashkaro.com/hyde-xl-liquid-detergent-suitable-washing-machine-bucket-wash/CKS-Grocery-0008222119.html]
[cashkaro.com/yardley-london-english-lavender-fragrant-handwash-pack-of-2/CKS-Skin-Care-0007590067.html]
[cashkaro.com/hirparag-liquid-detergent-laundry-liquid-suitable-for-top-load-front-load-machine/CKS-Grocery-0008216868.html]
[cashkaro.com/ariel-matic-liquid-detergent-front-load/CKS-Grocery-000801b484.html]
[cashkaro.com/genteel-matic-liquid-detergent-for-top-load-washing-1kg-bottle-1kg-refill-pouch/CKS-Grocery-00081007c9.html]
[cashkaro.com/yardley-london-english-lavender-fragrant-handwash/CKS-Skin-Care-000758371e.html]
[cashkaro.com/surf-excel-matic-3-in-1-smartshots-of-dissolvable-detergent-capsules/CKS-Grocery-000842b2ae.html]
[cashkaro.com/stores/licious-coupons.html]
[cashkaro.com/stores/swiggy-coupons.html]
[cashkaro.com/stores/dunzo-coupons.html]
[cashkaro.com/stores/grofers-coupons.html]
[cashkaro.com/stores/bigbasket.html]
[cashkaro.com/stores/spencers-coupons.html]
[cashkaro.com/stores/jio-mart-offers.html]
[cashkaro.com/product/grocery/staples.html]
